Archive member included to satisfy reference by file (symbol)

/home/sad/Desktop/4.sem/EMP/Tools/CCS7/ccsv7/tools/compiler/gcc-arm-none-eabi-6-2017-q1-update/bin/../lib/gcc/arm-none-eabi/6.3.1/../../../../arm-none-eabi/lib/thumb/v7e-m/fpv4-sp/hard/libg.a(lib_a-exit.o)
                              /home/sad/Desktop/4.sem/EMP/Tools/CCS7/ccsv7/tools/compiler/gcc-arm-none-eabi-6-2017-q1-update/bin/../lib/gcc/arm-none-eabi/6.3.1/../../../../arm-none-eabi/lib/thumb/v7e-m/fpv4-sp/hard/crt0.o (exit)
/home/sad/Desktop/4.sem/EMP/Tools/CCS7/ccsv7/tools/compiler/gcc-arm-none-eabi-6-2017-q1-update/bin/../lib/gcc/arm-none-eabi/6.3.1/../../../../arm-none-eabi/lib/thumb/v7e-m/fpv4-sp/hard/libg.a(lib_a-impure.o)
                              /home/sad/Desktop/4.sem/EMP/Tools/CCS7/ccsv7/tools/compiler/gcc-arm-none-eabi-6-2017-q1-update/bin/../lib/gcc/arm-none-eabi/6.3.1/../../../../arm-none-eabi/lib/thumb/v7e-m/fpv4-sp/hard/libg.a(lib_a-exit.o) (_global_impure_ptr)
/home/sad/Desktop/4.sem/EMP/Tools/CCS7/ccsv7/tools/compiler/gcc-arm-none-eabi-6-2017-q1-update/bin/../lib/gcc/arm-none-eabi/6.3.1/../../../../arm-none-eabi/lib/thumb/v7e-m/fpv4-sp/hard/libg.a(lib_a-init.o)
                              /home/sad/Desktop/4.sem/EMP/Tools/CCS7/ccsv7/tools/compiler/gcc-arm-none-eabi-6-2017-q1-update/bin/../lib/gcc/arm-none-eabi/6.3.1/../../../../arm-none-eabi/lib/thumb/v7e-m/fpv4-sp/hard/crt0.o (__libc_init_array)
/home/sad/Desktop/4.sem/EMP/Tools/CCS7/ccsv7/tools/compiler/gcc-arm-none-eabi-6-2017-q1-update/bin/../lib/gcc/arm-none-eabi/6.3.1/../../../../arm-none-eabi/lib/thumb/v7e-m/fpv4-sp/hard/libg.a(lib_a-memset.o)
                              /home/sad/Desktop/4.sem/EMP/Tools/CCS7/ccsv7/tools/compiler/gcc-arm-none-eabi-6-2017-q1-update/bin/../lib/gcc/arm-none-eabi/6.3.1/../../../../arm-none-eabi/lib/thumb/v7e-m/fpv4-sp/hard/crt0.o (memset)
/home/sad/Desktop/4.sem/EMP/Tools/CCS7/ccsv7/tools/compiler/gcc-arm-none-eabi-6-2017-q1-update/bin/../lib/gcc/arm-none-eabi/6.3.1/../../../../arm-none-eabi/lib/thumb/v7e-m/fpv4-sp/hard/libg.a(lib_a-__call_atexit.o)
                              /home/sad/Desktop/4.sem/EMP/Tools/CCS7/ccsv7/tools/compiler/gcc-arm-none-eabi-6-2017-q1-update/bin/../lib/gcc/arm-none-eabi/6.3.1/../../../../arm-none-eabi/lib/thumb/v7e-m/fpv4-sp/hard/libg.a(lib_a-exit.o) (__call_exitprocs)
/home/sad/Desktop/4.sem/EMP/Tools/CCS7/ccsv7/tools/compiler/gcc-arm-none-eabi-6-2017-q1-update/bin/../lib/gcc/arm-none-eabi/6.3.1/../../../../arm-none-eabi/lib/thumb/v7e-m/fpv4-sp/hard/libg.a(lib_a-atexit.o)
                              /home/sad/Desktop/4.sem/EMP/Tools/CCS7/ccsv7/tools/compiler/gcc-arm-none-eabi-6-2017-q1-update/bin/../lib/gcc/arm-none-eabi/6.3.1/../../../../arm-none-eabi/lib/thumb/v7e-m/fpv4-sp/hard/libg.a(lib_a-__call_atexit.o) (atexit)
/home/sad/Desktop/4.sem/EMP/Tools/CCS7/ccsv7/tools/compiler/gcc-arm-none-eabi-6-2017-q1-update/bin/../lib/gcc/arm-none-eabi/6.3.1/../../../../arm-none-eabi/lib/thumb/v7e-m/fpv4-sp/hard/libg.a(lib_a-fini.o)
                              /home/sad/Desktop/4.sem/EMP/Tools/CCS7/ccsv7/tools/compiler/gcc-arm-none-eabi-6-2017-q1-update/bin/../lib/gcc/arm-none-eabi/6.3.1/../../../../arm-none-eabi/lib/thumb/v7e-m/fpv4-sp/hard/libg.a(lib_a-__call_atexit.o) (__libc_fini_array)
/home/sad/Desktop/4.sem/EMP/Tools/CCS7/ccsv7/tools/compiler/gcc-arm-none-eabi-6-2017-q1-update/bin/../lib/gcc/arm-none-eabi/6.3.1/../../../../arm-none-eabi/lib/thumb/v7e-m/fpv4-sp/hard/libg.a(lib_a-lock.o)
                              /home/sad/Desktop/4.sem/EMP/Tools/CCS7/ccsv7/tools/compiler/gcc-arm-none-eabi-6-2017-q1-update/bin/../lib/gcc/arm-none-eabi/6.3.1/../../../../arm-none-eabi/lib/thumb/v7e-m/fpv4-sp/hard/libg.a(lib_a-__call_atexit.o) (__retarget_lock_acquire_recursive)
/home/sad/Desktop/4.sem/EMP/Tools/CCS7/ccsv7/tools/compiler/gcc-arm-none-eabi-6-2017-q1-update/bin/../lib/gcc/arm-none-eabi/6.3.1/../../../../arm-none-eabi/lib/thumb/v7e-m/fpv4-sp/hard/libg.a(lib_a-__atexit.o)
                              /home/sad/Desktop/4.sem/EMP/Tools/CCS7/ccsv7/tools/compiler/gcc-arm-none-eabi-6-2017-q1-update/bin/../lib/gcc/arm-none-eabi/6.3.1/../../../../arm-none-eabi/lib/thumb/v7e-m/fpv4-sp/hard/libg.a(lib_a-atexit.o) (__register_exitproc)
/home/sad/Desktop/4.sem/EMP/Tools/CCS7/ccsv7/tools/compiler/gcc-arm-none-eabi-6-2017-q1-update/bin/../lib/gcc/arm-none-eabi/6.3.1/../../../../arm-none-eabi/lib/thumb/v7e-m/fpv4-sp/hard/libnosys.a(_exit.o)
                              /home/sad/Desktop/4.sem/EMP/Tools/CCS7/ccsv7/tools/compiler/gcc-arm-none-eabi-6-2017-q1-update/bin/../lib/gcc/arm-none-eabi/6.3.1/../../../../arm-none-eabi/lib/thumb/v7e-m/fpv4-sp/hard/libg.a(lib_a-exit.o) (_exit)

Allocating common symbols
Common symbol       size              file

__lock___atexit_recursive_mutex
                    0x1               /home/sad/Desktop/4.sem/EMP/Tools/CCS7/ccsv7/tools/compiler/gcc-arm-none-eabi-6-2017-q1-update/bin/../lib/gcc/arm-none-eabi/6.3.1/../../../../arm-none-eabi/lib/thumb/v7e-m/fpv4-sp/hard/libg.a(lib_a-lock.o)
__lock___arc4random_mutex
                    0x1               /home/sad/Desktop/4.sem/EMP/Tools/CCS7/ccsv7/tools/compiler/gcc-arm-none-eabi-6-2017-q1-update/bin/../lib/gcc/arm-none-eabi/6.3.1/../../../../arm-none-eabi/lib/thumb/v7e-m/fpv4-sp/hard/libg.a(lib_a-lock.o)
pos                 0xc0              ./rtcs.o
LCD_init            0x1               ./lcd.o
__lock___env_recursive_mutex
                    0x1               /home/sad/Desktop/4.sem/EMP/Tools/CCS7/ccsv7/tools/compiler/gcc-arm-none-eabi-6-2017-q1-update/bin/../lib/gcc/arm-none-eabi/6.3.1/../../../../arm-none-eabi/lib/thumb/v7e-m/fpv4-sp/hard/libg.a(lib_a-lock.o)
__lock___sinit_recursive_mutex
                    0x1               /home/sad/Desktop/4.sem/EMP/Tools/CCS7/ccsv7/tools/compiler/gcc-arm-none-eabi-6-2017-q1-update/bin/../lib/gcc/arm-none-eabi/6.3.1/../../../../arm-none-eabi/lib/thumb/v7e-m/fpv4-sp/hard/libg.a(lib_a-lock.o)
__lock___malloc_recursive_mutex
                    0x1               /home/sad/Desktop/4.sem/EMP/Tools/CCS7/ccsv7/tools/compiler/gcc-arm-none-eabi-6-2017-q1-update/bin/../lib/gcc/arm-none-eabi/6.3.1/../../../../arm-none-eabi/lib/thumb/v7e-m/fpv4-sp/hard/libg.a(lib_a-lock.o)
i                   0x1               ./ui.o
InBuf               0x80              ./ui.o
hour                0x1               ./rtc.o
current_task        0x1               ./rtcs.o
pot                 0xc0              ./rtcs.o
min                 0x1               ./rtc.o
sec                 0x1               ./rtc.o
poq                 0x840             ./rtcs.o
__lock___at_quick_exit_mutex
                    0x1               /home/sad/Desktop/4.sem/EMP/Tools/CCS7/ccsv7/tools/compiler/gcc-arm-none-eabi-6-2017-q1-update/bin/../lib/gcc/arm-none-eabi/6.3.1/../../../../arm-none-eabi/lib/thumb/v7e-m/fpv4-sp/hard/libg.a(lib_a-lock.o)
__lock___dd_hash_mutex
                    0x1               /home/sad/Desktop/4.sem/EMP/Tools/CCS7/ccsv7/tools/compiler/gcc-arm-none-eabi-6-2017-q1-update/bin/../lib/gcc/arm-none-eabi/6.3.1/../../../../arm-none-eabi/lib/thumb/v7e-m/fpv4-sp/hard/libg.a(lib_a-lock.o)
__lock___tz_mutex   0x1               /home/sad/Desktop/4.sem/EMP/Tools/CCS7/ccsv7/tools/compiler/gcc-arm-none-eabi-6-2017-q1-update/bin/../lib/gcc/arm-none-eabi/6.3.1/../../../../arm-none-eabi/lib/thumb/v7e-m/fpv4-sp/hard/libg.a(lib_a-lock.o)
__lock___sfp_recursive_mutex
                    0x1               /home/sad/Desktop/4.sem/EMP/Tools/CCS7/ccsv7/tools/compiler/gcc-arm-none-eabi-6-2017-q1-update/bin/../lib/gcc/arm-none-eabi/6.3.1/../../../../arm-none-eabi/lib/thumb/v7e-m/fpv4-sp/hard/libg.a(lib_a-lock.o)

Memory Configuration

Name             Origin             Length             Attributes
FLASH            0x0000000000000000 0x0000000000040000 xr
SRAM             0x0000000020000000 0x0000000000008000 xw
*default*        0x0000000000000000 0xffffffffffffffff

Linker script and memory map

LOAD /home/sad/Desktop/4.sem/EMP/Tools/CCS7/ccsv7/tools/compiler/gcc-arm-none-eabi-6-2017-q1-update/bin/../lib/gcc/arm-none-eabi/6.3.1/thumb/v7e-m/fpv4-sp/hard/crti.o
LOAD /home/sad/Desktop/4.sem/EMP/Tools/CCS7/ccsv7/tools/compiler/gcc-arm-none-eabi-6-2017-q1-update/bin/../lib/gcc/arm-none-eabi/6.3.1/thumb/v7e-m/fpv4-sp/hard/crtbegin.o
LOAD /home/sad/Desktop/4.sem/EMP/Tools/CCS7/ccsv7/tools/compiler/gcc-arm-none-eabi-6-2017-q1-update/bin/../lib/gcc/arm-none-eabi/6.3.1/../../../../arm-none-eabi/lib/thumb/v7e-m/fpv4-sp/hard/crt0.o
LOAD ./gpio.o
LOAD ./keyboard.o
LOAD ./lcd.o
LOAD ./main.o
LOAD ./rtc.o
LOAD ./rtcs.o
LOAD ./systick.o
LOAD ./tm4c123gh6pm_startup_ccs_gcc.o
LOAD ./uart.o
LOAD ./ui.o
                0x0000000000000000                PROVIDE (_intvecs_base_address, 0x0)

.intvecs        0x0000000000000000      0x26c
 *(.intvecs)
 .intvecs       0x0000000000000000      0x26c ./tm4c123gh6pm_startup_ccs_gcc.o
                0x0000000000000000                g_pfnVectors
                0x0000000020000000                PROVIDE (_vtable_base_address, 0x20000000)

.vtable
 *(.vtable)

.text           0x000000000000026c     0x1e68
 CREATE_OBJECT_SYMBOLS
 *(.text)
 .text          0x000000000000026c        0x0 /home/sad/Desktop/4.sem/EMP/Tools/CCS7/ccsv7/tools/compiler/gcc-arm-none-eabi-6-2017-q1-update/bin/../lib/gcc/arm-none-eabi/6.3.1/thumb/v7e-m/fpv4-sp/hard/crti.o
 .text          0x000000000000026c       0x6c /home/sad/Desktop/4.sem/EMP/Tools/CCS7/ccsv7/tools/compiler/gcc-arm-none-eabi-6-2017-q1-update/bin/../lib/gcc/arm-none-eabi/6.3.1/thumb/v7e-m/fpv4-sp/hard/crtbegin.o
 .text          0x00000000000002d8       0x74 /home/sad/Desktop/4.sem/EMP/Tools/CCS7/ccsv7/tools/compiler/gcc-arm-none-eabi-6-2017-q1-update/bin/../lib/gcc/arm-none-eabi/6.3.1/../../../../arm-none-eabi/lib/thumb/v7e-m/fpv4-sp/hard/crt0.o
                0x00000000000002d8                _mainCRTStartup
                0x00000000000002d8                _start
 .text          0x000000000000034c        0x0 ./gpio.o
 .text          0x000000000000034c        0x0 ./keyboard.o
 .text          0x000000000000034c        0x0 ./lcd.o
 .text          0x000000000000034c        0x0 ./main.o
 .text          0x000000000000034c        0x0 ./rtc.o
 .text          0x000000000000034c        0x0 ./rtcs.o
 .text          0x000000000000034c        0x0 ./systick.o
 .text          0x000000000000034c        0x0 ./tm4c123gh6pm_startup_ccs_gcc.o
 .text          0x000000000000034c        0x0 ./uart.o
 .text          0x000000000000034c        0x0 ./ui.o
 .text          0x000000000000034c        0x0 /home/sad/Desktop/4.sem/EMP/Tools/CCS7/ccsv7/tools/compiler/gcc-arm-none-eabi-6-2017-q1-update/bin/../lib/gcc/arm-none-eabi/6.3.1/../../../../arm-none-eabi/lib/thumb/v7e-m/fpv4-sp/hard/libg.a(lib_a-exit.o)
 .text          0x000000000000034c        0x0 /home/sad/Desktop/4.sem/EMP/Tools/CCS7/ccsv7/tools/compiler/gcc-arm-none-eabi-6-2017-q1-update/bin/../lib/gcc/arm-none-eabi/6.3.1/../../../../arm-none-eabi/lib/thumb/v7e-m/fpv4-sp/hard/libg.a(lib_a-impure.o)
 .text          0x000000000000034c        0x0 /home/sad/Desktop/4.sem/EMP/Tools/CCS7/ccsv7/tools/compiler/gcc-arm-none-eabi-6-2017-q1-update/bin/../lib/gcc/arm-none-eabi/6.3.1/../../../../arm-none-eabi/lib/thumb/v7e-m/fpv4-sp/hard/libg.a(lib_a-init.o)
 .text          0x000000000000034c        0x0 /home/sad/Desktop/4.sem/EMP/Tools/CCS7/ccsv7/tools/compiler/gcc-arm-none-eabi-6-2017-q1-update/bin/../lib/gcc/arm-none-eabi/6.3.1/../../../../arm-none-eabi/lib/thumb/v7e-m/fpv4-sp/hard/libg.a(lib_a-memset.o)
 .text          0x000000000000034c        0x0 /home/sad/Desktop/4.sem/EMP/Tools/CCS7/ccsv7/tools/compiler/gcc-arm-none-eabi-6-2017-q1-update/bin/../lib/gcc/arm-none-eabi/6.3.1/../../../../arm-none-eabi/lib/thumb/v7e-m/fpv4-sp/hard/libg.a(lib_a-__call_atexit.o)
 .text          0x000000000000034c        0x0 /home/sad/Desktop/4.sem/EMP/Tools/CCS7/ccsv7/tools/compiler/gcc-arm-none-eabi-6-2017-q1-update/bin/../lib/gcc/arm-none-eabi/6.3.1/../../../../arm-none-eabi/lib/thumb/v7e-m/fpv4-sp/hard/libg.a(lib_a-atexit.o)
 .text          0x000000000000034c        0x0 /home/sad/Desktop/4.sem/EMP/Tools/CCS7/ccsv7/tools/compiler/gcc-arm-none-eabi-6-2017-q1-update/bin/../lib/gcc/arm-none-eabi/6.3.1/../../../../arm-none-eabi/lib/thumb/v7e-m/fpv4-sp/hard/libg.a(lib_a-fini.o)
 .text          0x000000000000034c        0x0 /home/sad/Desktop/4.sem/EMP/Tools/CCS7/ccsv7/tools/compiler/gcc-arm-none-eabi-6-2017-q1-update/bin/../lib/gcc/arm-none-eabi/6.3.1/../../../../arm-none-eabi/lib/thumb/v7e-m/fpv4-sp/hard/libg.a(lib_a-lock.o)
 .text          0x000000000000034c        0x0 /home/sad/Desktop/4.sem/EMP/Tools/CCS7/ccsv7/tools/compiler/gcc-arm-none-eabi-6-2017-q1-update/bin/../lib/gcc/arm-none-eabi/6.3.1/../../../../arm-none-eabi/lib/thumb/v7e-m/fpv4-sp/hard/libg.a(lib_a-__atexit.o)
 .text          0x000000000000034c        0x0 /home/sad/Desktop/4.sem/EMP/Tools/CCS7/ccsv7/tools/compiler/gcc-arm-none-eabi-6-2017-q1-update/bin/../lib/gcc/arm-none-eabi/6.3.1/../../../../arm-none-eabi/lib/thumb/v7e-m/fpv4-sp/hard/libnosys.a(_exit.o)
 .text          0x000000000000034c        0x0 /home/sad/Desktop/4.sem/EMP/Tools/CCS7/ccsv7/tools/compiler/gcc-arm-none-eabi-6-2017-q1-update/bin/../lib/gcc/arm-none-eabi/6.3.1/thumb/v7e-m/fpv4-sp/hard/crtend.o
 .text          0x000000000000034c        0x0 /home/sad/Desktop/4.sem/EMP/Tools/CCS7/ccsv7/tools/compiler/gcc-arm-none-eabi-6-2017-q1-update/bin/../lib/gcc/arm-none-eabi/6.3.1/thumb/v7e-m/fpv4-sp/hard/crtn.o
 *(.text.*)
 .text.init_gpio
                0x000000000000034c       0x78 ./gpio.o
                0x000000000000034c                init_gpio
 .text.keyboard_init
                0x00000000000003c4       0x68 ./keyboard.o
                0x00000000000003c4                keyboard_init
 .text.kp_scan  0x000000000000042c       0xa8 ./keyboard.o
                0x000000000000042c                kp_scan
 .text.keyboard_read_task
                0x00000000000004d4      0x1fc ./keyboard.o
                0x00000000000004d4                keyboard_read_task
 .text.keyboard_update_task
                0x00000000000006d0       0xf0 ./keyboard.o
                0x00000000000006d0                keyboard_update_task
 .text.wr_ch_LCD
                0x00000000000007c0       0x20 ./lcd.o
                0x00000000000007c0                wr_ch_LCD
 .text.wr_str_LCD
                0x00000000000007e0       0x2a ./lcd.o
                0x00000000000007e0                wr_str_LCD
 .text.move_LCD
                0x000000000000080a       0x3a ./lcd.o
                0x000000000000080a                move_LCD
 .text.wr_ctrl_LCD_low
                0x0000000000000844       0xbc ./lcd.o
                0x0000000000000844                wr_ctrl_LCD_low
 .text.wr_ctrl_LCD_high
                0x0000000000000900       0x1e ./lcd.o
                0x0000000000000900                wr_ctrl_LCD_high
 *fill*         0x000000000000091e        0x2 
 .text.out_LCD_low
                0x0000000000000920       0x5c ./lcd.o
                0x0000000000000920                out_LCD_low
 .text.out_LCD_high
                0x000000000000097c       0x1e ./lcd.o
                0x000000000000097c                out_LCD_high
 *fill*         0x000000000000099a        0x2 
 .text.wr_ctrl_LCD
                0x000000000000099c       0x54 ./lcd.o
                0x000000000000099c                wr_ctrl_LCD
 .text.clr_LCD  0x00000000000009f0        0xe ./lcd.o
                0x00000000000009f0                clr_LCD
 .text.home_LCD
                0x00000000000009fe        0xe ./lcd.o
                0x00000000000009fe                home_LCD
 .text.Set_cursor
                0x0000000000000a0c       0x1a ./lcd.o
                0x0000000000000a0c                Set_cursor
 .text.out_LCD  0x0000000000000a26       0x36 ./lcd.o
                0x0000000000000a26                out_LCD
 .text.lcd_task
                0x0000000000000a5c      0x114 ./lcd.o
                0x0000000000000a5c                lcd_task
 .text.main     0x0000000000000b70       0xa0 ./main.o
                0x0000000000000b70                main
 .text.get_hour
                0x0000000000000c10       0x18 ./rtc.o
                0x0000000000000c10                get_hour
 .text.get_min  0x0000000000000c28       0x18 ./rtc.o
                0x0000000000000c28                get_min
 .text.get_sec  0x0000000000000c40       0x18 ./rtc.o
                0x0000000000000c40                get_sec
 .text.set_hour
                0x0000000000000c58       0x20 ./rtc.o
                0x0000000000000c58                set_hour
 .text.set_min  0x0000000000000c78       0x20 ./rtc.o
                0x0000000000000c78                set_min
 .text.set_sec  0x0000000000000c98       0x20 ./rtc.o
                0x0000000000000c98                set_sec
 .text.rtc_task
                0x0000000000000cb8       0xb0 ./rtc.o
                0x0000000000000cb8                rtc_task
 .text.display_rtc_task
                0x0000000000000d68      0x128 ./rtc.o
                0x0000000000000d68                display_rtc_task
 .text.retrieve_id
                0x0000000000000e90       0x20 ./rtcs.o
                0x0000000000000e90                retrieve_id
 .text.i_am_alive
                0x0000000000000eb0       0x5c ./rtcs.o
                0x0000000000000eb0                i_am_alive
 .text.set_state
                0x0000000000000f0c       0x38 ./rtcs.o
                0x0000000000000f0c                set_state
 .text.wait     0x0000000000000f44       0x4c ./rtcs.o
                0x0000000000000f44                wait
 .text.wait_sem
                0x0000000000000f90      0x104 ./rtcs.o
                0x0000000000000f90                wait_sem
 .text.signal   0x0000000000001094       0x44 ./rtcs.o
                0x0000000000001094                signal
 .text.preset_sem
                0x00000000000010d8       0x38 ./rtcs.o
                0x00000000000010d8                preset_sem
 .text.open_queue
                0x0000000000001110       0x98 ./rtcs.o
                0x0000000000001110                open_queue
 .text.put_queue
                0x00000000000011a8       0xcc ./rtcs.o
                0x00000000000011a8                put_queue
 .text.get_queue
                0x0000000000001274       0xd4 ./rtcs.o
                0x0000000000001274                get_queue
 .text.start_task
                0x0000000000001348       0xa0 ./rtcs.o
                0x0000000000001348                start_task
 .text.init_rtcs
                0x00000000000013e8       0x48 ./rtcs.o
                0x00000000000013e8                init_rtcs
 .text.schedule
                0x0000000000001430      0x238 ./rtcs.o
                0x0000000000001430                schedule
 .text.systick_handler
                0x0000000000001668       0x24 ./systick.o
                0x0000000000001668                systick_handler
 .text.enable_global_int
                0x000000000000168c       0x10 ./systick.o
                0x000000000000168c                enable_global_int
 .text.disable_global_int
                0x000000000000169c       0x10 ./systick.o
                0x000000000000169c                disable_global_int
 .text.init_systick
                0x00000000000016ac       0x88 ./systick.o
                0x00000000000016ac                init_systick
 .text.ResetISR
                0x0000000000001734       0x6c ./tm4c123gh6pm_startup_ccs_gcc.o
                0x0000000000001734                ResetISR
 .text.NmiSR    0x00000000000017a0        0x6 ./tm4c123gh6pm_startup_ccs_gcc.o
 .text.FaultISR
                0x00000000000017a6        0x6 ./tm4c123gh6pm_startup_ccs_gcc.o
 .text.IntDefaultHandler
                0x00000000000017ac        0x6 ./tm4c123gh6pm_startup_ccs_gcc.o
 *fill*         0x00000000000017b2        0x2 
 .text.uart0_rx_rdy
                0x00000000000017b4       0x20 ./uart.o
                0x00000000000017b4                uart0_rx_rdy
 .text.uart0_getc
                0x00000000000017d4       0x18 ./uart.o
                0x00000000000017d4                uart0_getc
 .text.uart0_tx_rdy
                0x00000000000017ec       0x20 ./uart.o
                0x00000000000017ec                uart0_tx_rdy
 .text.uart0_putc
                0x000000000000180c       0x20 ./uart.o
                0x000000000000180c                uart0_putc
 .text.uart_rx_task
                0x000000000000182c       0x48 ./uart.o
                0x000000000000182c                uart_rx_task
 .text.uart_tx_task
                0x0000000000001874       0x44 ./uart.o
                0x0000000000001874                uart_tx_task
 .text.lcrh_databits
                0x00000000000018b8       0x2c ./uart.o
                0x00000000000018b8                lcrh_databits
 .text.lcrh_stopbits
                0x00000000000018e4       0x22 ./uart.o
                0x00000000000018e4                lcrh_stopbits
 .text.lcrh_parity
                0x0000000000001906       0x4e ./uart.o
                0x0000000000001906                lcrh_parity
 .text.uart0_fifos_enable
                0x0000000000001954       0x20 ./uart.o
                0x0000000000001954                uart0_fifos_enable
 .text.uart0_fifos_disable
                0x0000000000001974       0x20 ./uart.o
                0x0000000000001974                uart0_fifos_disable
 .text.uart0_init
                0x0000000000001994       0xe4 ./uart.o
                0x0000000000001994                uart0_init
 .text.ui_task  0x0000000000001a78      0x300 ./ui.o
                0x0000000000001a78                ui_task
 .text.exit     0x0000000000001d78       0x20 /home/sad/Desktop/4.sem/EMP/Tools/CCS7/ccsv7/tools/compiler/gcc-arm-none-eabi-6-2017-q1-update/bin/../lib/gcc/arm-none-eabi/6.3.1/../../../../arm-none-eabi/lib/thumb/v7e-m/fpv4-sp/hard/libg.a(lib_a-exit.o)
                0x0000000000001d78                exit
 .text.__libc_init_array
                0x0000000000001d98       0x50 /home/sad/Desktop/4.sem/EMP/Tools/CCS7/ccsv7/tools/compiler/gcc-arm-none-eabi-6-2017-q1-update/bin/../lib/gcc/arm-none-eabi/6.3.1/../../../../arm-none-eabi/lib/thumb/v7e-m/fpv4-sp/hard/libg.a(lib_a-init.o)
                0x0000000000001d98                __libc_init_array
 .text.memset   0x0000000000001de8       0x9c /home/sad/Desktop/4.sem/EMP/Tools/CCS7/ccsv7/tools/compiler/gcc-arm-none-eabi-6-2017-q1-update/bin/../lib/gcc/arm-none-eabi/6.3.1/../../../../arm-none-eabi/lib/thumb/v7e-m/fpv4-sp/hard/libg.a(lib_a-memset.o)
                0x0000000000001de8                memset
 .text.startup.register_fini
                0x0000000000001e84       0x14 /home/sad/Desktop/4.sem/EMP/Tools/CCS7/ccsv7/tools/compiler/gcc-arm-none-eabi-6-2017-q1-update/bin/../lib/gcc/arm-none-eabi/6.3.1/../../../../arm-none-eabi/lib/thumb/v7e-m/fpv4-sp/hard/libg.a(lib_a-__call_atexit.o)
 .text.__call_exitprocs
                0x0000000000001e98       0xe8 /home/sad/Desktop/4.sem/EMP/Tools/CCS7/ccsv7/tools/compiler/gcc-arm-none-eabi-6-2017-q1-update/bin/../lib/gcc/arm-none-eabi/6.3.1/../../../../arm-none-eabi/lib/thumb/v7e-m/fpv4-sp/hard/libg.a(lib_a-__call_atexit.o)
                0x0000000000001e98                __call_exitprocs
 .text.atexit   0x0000000000001f80        0xc /home/sad/Desktop/4.sem/EMP/Tools/CCS7/ccsv7/tools/compiler/gcc-arm-none-eabi-6-2017-q1-update/bin/../lib/gcc/arm-none-eabi/6.3.1/../../../../arm-none-eabi/lib/thumb/v7e-m/fpv4-sp/hard/libg.a(lib_a-atexit.o)
                0x0000000000001f80                atexit
 .text.__libc_fini_array
                0x0000000000001f8c       0x34 /home/sad/Desktop/4.sem/EMP/Tools/CCS7/ccsv7/tools/compiler/gcc-arm-none-eabi-6-2017-q1-update/bin/../lib/gcc/arm-none-eabi/6.3.1/../../../../arm-none-eabi/lib/thumb/v7e-m/fpv4-sp/hard/libg.a(lib_a-fini.o)
                0x0000000000001f8c                __libc_fini_array
 .text.__retarget_lock_init
                0x0000000000001fc0        0x4 /home/sad/Desktop/4.sem/EMP/Tools/CCS7/ccsv7/tools/compiler/gcc-arm-none-eabi-6-2017-q1-update/bin/../lib/gcc/arm-none-eabi/6.3.1/../../../../arm-none-eabi/lib/thumb/v7e-m/fpv4-sp/hard/libg.a(lib_a-lock.o)
                0x0000000000001fc0                __retarget_lock_init
 .text.__retarget_lock_init_recursive
                0x0000000000001fc4        0x4 /home/sad/Desktop/4.sem/EMP/Tools/CCS7/ccsv7/tools/compiler/gcc-arm-none-eabi-6-2017-q1-update/bin/../lib/gcc/arm-none-eabi/6.3.1/../../../../arm-none-eabi/lib/thumb/v7e-m/fpv4-sp/hard/libg.a(lib_a-lock.o)
                0x0000000000001fc4                __retarget_lock_init_recursive
 .text.__retarget_lock_close
                0x0000000000001fc8        0x4 /home/sad/Desktop/4.sem/EMP/Tools/CCS7/ccsv7/tools/compiler/gcc-arm-none-eabi-6-2017-q1-update/bin/../lib/gcc/arm-none-eabi/6.3.1/../../../../arm-none-eabi/lib/thumb/v7e-m/fpv4-sp/hard/libg.a(lib_a-lock.o)
                0x0000000000001fc8                __retarget_lock_close
 .text.__retarget_lock_close_recursive
                0x0000000000001fcc        0x4 /home/sad/Desktop/4.sem/EMP/Tools/CCS7/ccsv7/tools/compiler/gcc-arm-none-eabi-6-2017-q1-update/bin/../lib/gcc/arm-none-eabi/6.3.1/../../../../arm-none-eabi/lib/thumb/v7e-m/fpv4-sp/hard/libg.a(lib_a-lock.o)
                0x0000000000001fcc                __retarget_lock_close_recursive
 .text.__retarget_lock_acquire
                0x0000000000001fd0        0x4 /home/sad/Desktop/4.sem/EMP/Tools/CCS7/ccsv7/tools/compiler/gcc-arm-none-eabi-6-2017-q1-update/bin/../lib/gcc/arm-none-eabi/6.3.1/../../../../arm-none-eabi/lib/thumb/v7e-m/fpv4-sp/hard/libg.a(lib_a-lock.o)
                0x0000000000001fd0                __retarget_lock_acquire
 .text.__retarget_lock_acquire_recursive
                0x0000000000001fd4        0x4 /home/sad/Desktop/4.sem/EMP/Tools/CCS7/ccsv7/tools/compiler/gcc-arm-none-eabi-6-2017-q1-update/bin/../lib/gcc/arm-none-eabi/6.3.1/../../../../arm-none-eabi/lib/thumb/v7e-m/fpv4-sp/hard/libg.a(lib_a-lock.o)
                0x0000000000001fd4                __retarget_lock_acquire_recursive
 .text.__retarget_lock_try_acquire
                0x0000000000001fd8        0x4 /home/sad/Desktop/4.sem/EMP/Tools/CCS7/ccsv7/tools/compiler/gcc-arm-none-eabi-6-2017-q1-update/bin/../lib/gcc/arm-none-eabi/6.3.1/../../../../arm-none-eabi/lib/thumb/v7e-m/fpv4-sp/hard/libg.a(lib_a-lock.o)
                0x0000000000001fd8                __retarget_lock_try_acquire
 .text.__retarget_lock_try_acquire_recursive
                0x0000000000001fdc        0x4 /home/sad/Desktop/4.sem/EMP/Tools/CCS7/ccsv7/tools/compiler/gcc-arm-none-eabi-6-2017-q1-update/bin/../lib/gcc/arm-none-eabi/6.3.1/../../../../arm-none-eabi/lib/thumb/v7e-m/fpv4-sp/hard/libg.a(lib_a-lock.o)
                0x0000000000001fdc                __retarget_lock_try_acquire_recursive
 .text.__retarget_lock_release
                0x0000000000001fe0        0x4 /home/sad/Desktop/4.sem/EMP/Tools/CCS7/ccsv7/tools/compiler/gcc-arm-none-eabi-6-2017-q1-update/bin/../lib/gcc/arm-none-eabi/6.3.1/../../../../arm-none-eabi/lib/thumb/v7e-m/fpv4-sp/hard/libg.a(lib_a-lock.o)
                0x0000000000001fe0                __retarget_lock_release
 .text.__retarget_lock_release_recursive
                0x0000000000001fe4        0x4 /home/sad/Desktop/4.sem/EMP/Tools/CCS7/ccsv7/tools/compiler/gcc-arm-none-eabi-6-2017-q1-update/bin/../lib/gcc/arm-none-eabi/6.3.1/../../../../arm-none-eabi/lib/thumb/v7e-m/fpv4-sp/hard/libg.a(lib_a-lock.o)
                0x0000000000001fe4                __retarget_lock_release_recursive
 .text.__register_exitproc
                0x0000000000001fe8       0xc4 /home/sad/Desktop/4.sem/EMP/Tools/CCS7/ccsv7/tools/compiler/gcc-arm-none-eabi-6-2017-q1-update/bin/../lib/gcc/arm-none-eabi/6.3.1/../../../../arm-none-eabi/lib/thumb/v7e-m/fpv4-sp/hard/libg.a(lib_a-__atexit.o)
                0x0000000000001fe8                __register_exitproc
 .text._exit    0x00000000000020ac        0x4 /home/sad/Desktop/4.sem/EMP/Tools/CCS7/ccsv7/tools/compiler/gcc-arm-none-eabi-6-2017-q1-update/bin/../lib/gcc/arm-none-eabi/6.3.1/../../../../arm-none-eabi/lib/thumb/v7e-m/fpv4-sp/hard/libnosys.a(_exit.o)
                0x00000000000020ac                _exit
                0x00000000000020b0                . = ALIGN (0x4)
 *(.ctors)
                0x00000000000020b0                . = ALIGN (0x4)
 *(.dtors)
                0x00000000000020b0                . = ALIGN (0x4)
                0x00000000000020b0                __init_array_start = .
 *(.init_array*)
 .init_array    0x00000000000020b0        0x4 /home/sad/Desktop/4.sem/EMP/Tools/CCS7/ccsv7/tools/compiler/gcc-arm-none-eabi-6-2017-q1-update/bin/../lib/gcc/arm-none-eabi/6.3.1/thumb/v7e-m/fpv4-sp/hard/crtbegin.o
 .init_array.00000
                0x00000000000020b4        0x4 /home/sad/Desktop/4.sem/EMP/Tools/CCS7/ccsv7/tools/compiler/gcc-arm-none-eabi-6-2017-q1-update/bin/../lib/gcc/arm-none-eabi/6.3.1/../../../../arm-none-eabi/lib/thumb/v7e-m/fpv4-sp/hard/libg.a(lib_a-__call_atexit.o)
                0x00000000000020b8                __init_array_end = .
 *(.init)
 .init          0x00000000000020b8        0x4 /home/sad/Desktop/4.sem/EMP/Tools/CCS7/ccsv7/tools/compiler/gcc-arm-none-eabi-6-2017-q1-update/bin/../lib/gcc/arm-none-eabi/6.3.1/thumb/v7e-m/fpv4-sp/hard/crti.o
                0x00000000000020b8                _init
 .init          0x00000000000020bc        0x8 /home/sad/Desktop/4.sem/EMP/Tools/CCS7/ccsv7/tools/compiler/gcc-arm-none-eabi-6-2017-q1-update/bin/../lib/gcc/arm-none-eabi/6.3.1/thumb/v7e-m/fpv4-sp/hard/crtn.o
 *(.fini*)
 .fini          0x00000000000020c4        0x4 /home/sad/Desktop/4.sem/EMP/Tools/CCS7/ccsv7/tools/compiler/gcc-arm-none-eabi-6-2017-q1-update/bin/../lib/gcc/arm-none-eabi/6.3.1/thumb/v7e-m/fpv4-sp/hard/crti.o
                0x00000000000020c4                _fini
 .fini_array    0x00000000000020c8        0x4 /home/sad/Desktop/4.sem/EMP/Tools/CCS7/ccsv7/tools/compiler/gcc-arm-none-eabi-6-2017-q1-update/bin/../lib/gcc/arm-none-eabi/6.3.1/thumb/v7e-m/fpv4-sp/hard/crtbegin.o
 .fini          0x00000000000020cc        0x8 /home/sad/Desktop/4.sem/EMP/Tools/CCS7/ccsv7/tools/compiler/gcc-arm-none-eabi-6-2017-q1-update/bin/../lib/gcc/arm-none-eabi/6.3.1/thumb/v7e-m/fpv4-sp/hard/crtn.o
                [!provide]                        PROVIDE (__etext, .)
                [!provide]                        PROVIDE (_etext, .)
                [!provide]                        PROVIDE (etext, .)

.glue_7         0x00000000000020d4        0x0
 .glue_7        0x00000000000020d4        0x0 linker stubs

.glue_7t        0x00000000000020d4        0x0
 .glue_7t       0x00000000000020d4        0x0 linker stubs

.vfp11_veneer   0x00000000000020d4        0x0
 .vfp11_veneer  0x00000000000020d4        0x0 linker stubs

.v4_bx          0x00000000000020d4        0x0
 .v4_bx         0x00000000000020d4        0x0 linker stubs

.iplt           0x00000000000020d4        0x0
 .iplt          0x00000000000020d4        0x0 /home/sad/Desktop/4.sem/EMP/Tools/CCS7/ccsv7/tools/compiler/gcc-arm-none-eabi-6-2017-q1-update/bin/../lib/gcc/arm-none-eabi/6.3.1/thumb/v7e-m/fpv4-sp/hard/crtbegin.o

.rodata         0x00000000000020d4       0x18
 *(.rodata)
 .rodata        0x00000000000020d4        0x7 ./keyboard.o
 *(.rodata*)
 *fill*         0x00000000000020db        0x1 
 .rodata.LCD_init_sequense
                0x00000000000020dc        0xa ./lcd.o
                0x00000000000020dc                LCD_init_sequense
 *fill*         0x00000000000020e6        0x2 
 .rodata._global_impure_ptr
                0x00000000000020e8        0x4 /home/sad/Desktop/4.sem/EMP/Tools/CCS7/ccsv7/tools/compiler/gcc-arm-none-eabi-6-2017-q1-update/bin/../lib/gcc/arm-none-eabi/6.3.1/../../../../arm-none-eabi/lib/thumb/v7e-m/fpv4-sp/hard/libg.a(lib_a-impure.o)
                0x00000000000020e8                _global_impure_ptr

.eh_frame       0x00000000000020ec        0x4
 .eh_frame      0x00000000000020ec        0x0 /home/sad/Desktop/4.sem/EMP/Tools/CCS7/ccsv7/tools/compiler/gcc-arm-none-eabi-6-2017-q1-update/bin/../lib/gcc/arm-none-eabi/6.3.1/thumb/v7e-m/fpv4-sp/hard/crtbegin.o
 .eh_frame      0x00000000000020ec        0x4 /home/sad/Desktop/4.sem/EMP/Tools/CCS7/ccsv7/tools/compiler/gcc-arm-none-eabi-6-2017-q1-update/bin/../lib/gcc/arm-none-eabi/6.3.1/thumb/v7e-m/fpv4-sp/hard/crtend.o

.data           0x0000000020000000      0x434 load address 0x00000000000020f0
                0x00000000000020f0                __data_load__ = LOADADDR (.data)
                0x0000000020000000                __data_start__ = .
 *(.data)
 .data          0x0000000020000000        0x0 /home/sad/Desktop/4.sem/EMP/Tools/CCS7/ccsv7/tools/compiler/gcc-arm-none-eabi-6-2017-q1-update/bin/../lib/gcc/arm-none-eabi/6.3.1/thumb/v7e-m/fpv4-sp/hard/crti.o
 .data          0x0000000020000000        0x4 /home/sad/Desktop/4.sem/EMP/Tools/CCS7/ccsv7/tools/compiler/gcc-arm-none-eabi-6-2017-q1-update/bin/../lib/gcc/arm-none-eabi/6.3.1/thumb/v7e-m/fpv4-sp/hard/crtbegin.o
                0x0000000020000000                __dso_handle
 .data          0x0000000020000004        0x0 /home/sad/Desktop/4.sem/EMP/Tools/CCS7/ccsv7/tools/compiler/gcc-arm-none-eabi-6-2017-q1-update/bin/../lib/gcc/arm-none-eabi/6.3.1/../../../../arm-none-eabi/lib/thumb/v7e-m/fpv4-sp/hard/crt0.o
 .data          0x0000000020000004        0x0 ./gpio.o
 .data          0x0000000020000004        0x0 ./keyboard.o
 .data          0x0000000020000004        0x0 ./lcd.o
 .data          0x0000000020000004        0x0 ./main.o
 .data          0x0000000020000004        0x0 ./rtc.o
 .data          0x0000000020000004        0x0 ./rtcs.o
 .data          0x0000000020000004        0x0 ./systick.o
 .data          0x0000000020000004        0x0 ./tm4c123gh6pm_startup_ccs_gcc.o
 .data          0x0000000020000004        0x0 ./uart.o
 .data          0x0000000020000004        0x0 ./ui.o
 .data          0x0000000020000004        0x0 /home/sad/Desktop/4.sem/EMP/Tools/CCS7/ccsv7/tools/compiler/gcc-arm-none-eabi-6-2017-q1-update/bin/../lib/gcc/arm-none-eabi/6.3.1/../../../../arm-none-eabi/lib/thumb/v7e-m/fpv4-sp/hard/libg.a(lib_a-exit.o)
 .data          0x0000000020000004        0x0 /home/sad/Desktop/4.sem/EMP/Tools/CCS7/ccsv7/tools/compiler/gcc-arm-none-eabi-6-2017-q1-update/bin/../lib/gcc/arm-none-eabi/6.3.1/../../../../arm-none-eabi/lib/thumb/v7e-m/fpv4-sp/hard/libg.a(lib_a-impure.o)
 .data          0x0000000020000004        0x0 /home/sad/Desktop/4.sem/EMP/Tools/CCS7/ccsv7/tools/compiler/gcc-arm-none-eabi-6-2017-q1-update/bin/../lib/gcc/arm-none-eabi/6.3.1/../../../../arm-none-eabi/lib/thumb/v7e-m/fpv4-sp/hard/libg.a(lib_a-init.o)
 .data          0x0000000020000004        0x0 /home/sad/Desktop/4.sem/EMP/Tools/CCS7/ccsv7/tools/compiler/gcc-arm-none-eabi-6-2017-q1-update/bin/../lib/gcc/arm-none-eabi/6.3.1/../../../../arm-none-eabi/lib/thumb/v7e-m/fpv4-sp/hard/libg.a(lib_a-memset.o)
 .data          0x0000000020000004        0x0 /home/sad/Desktop/4.sem/EMP/Tools/CCS7/ccsv7/tools/compiler/gcc-arm-none-eabi-6-2017-q1-update/bin/../lib/gcc/arm-none-eabi/6.3.1/../../../../arm-none-eabi/lib/thumb/v7e-m/fpv4-sp/hard/libg.a(lib_a-__call_atexit.o)
 .data          0x0000000020000004        0x0 /home/sad/Desktop/4.sem/EMP/Tools/CCS7/ccsv7/tools/compiler/gcc-arm-none-eabi-6-2017-q1-update/bin/../lib/gcc/arm-none-eabi/6.3.1/../../../../arm-none-eabi/lib/thumb/v7e-m/fpv4-sp/hard/libg.a(lib_a-atexit.o)
 .data          0x0000000020000004        0x0 /home/sad/Desktop/4.sem/EMP/Tools/CCS7/ccsv7/tools/compiler/gcc-arm-none-eabi-6-2017-q1-update/bin/../lib/gcc/arm-none-eabi/6.3.1/../../../../arm-none-eabi/lib/thumb/v7e-m/fpv4-sp/hard/libg.a(lib_a-fini.o)
 .data          0x0000000020000004        0x0 /home/sad/Desktop/4.sem/EMP/Tools/CCS7/ccsv7/tools/compiler/gcc-arm-none-eabi-6-2017-q1-update/bin/../lib/gcc/arm-none-eabi/6.3.1/../../../../arm-none-eabi/lib/thumb/v7e-m/fpv4-sp/hard/libg.a(lib_a-lock.o)
 .data          0x0000000020000004        0x0 /home/sad/Desktop/4.sem/EMP/Tools/CCS7/ccsv7/tools/compiler/gcc-arm-none-eabi-6-2017-q1-update/bin/../lib/gcc/arm-none-eabi/6.3.1/../../../../arm-none-eabi/lib/thumb/v7e-m/fpv4-sp/hard/libg.a(lib_a-__atexit.o)
 .data          0x0000000020000004        0x0 /home/sad/Desktop/4.sem/EMP/Tools/CCS7/ccsv7/tools/compiler/gcc-arm-none-eabi-6-2017-q1-update/bin/../lib/gcc/arm-none-eabi/6.3.1/../../../../arm-none-eabi/lib/thumb/v7e-m/fpv4-sp/hard/libnosys.a(_exit.o)
 .data          0x0000000020000004        0x0 /home/sad/Desktop/4.sem/EMP/Tools/CCS7/ccsv7/tools/compiler/gcc-arm-none-eabi-6-2017-q1-update/bin/../lib/gcc/arm-none-eabi/6.3.1/thumb/v7e-m/fpv4-sp/hard/crtend.o
 .data          0x0000000020000004        0x0 /home/sad/Desktop/4.sem/EMP/Tools/CCS7/ccsv7/tools/compiler/gcc-arm-none-eabi-6-2017-q1-update/bin/../lib/gcc/arm-none-eabi/6.3.1/thumb/v7e-m/fpv4-sp/hard/crtn.o
 *(.data*)
 .data._impure_ptr
                0x0000000020000004        0x4 /home/sad/Desktop/4.sem/EMP/Tools/CCS7/ccsv7/tools/compiler/gcc-arm-none-eabi-6-2017-q1-update/bin/../lib/gcc/arm-none-eabi/6.3.1/../../../../arm-none-eabi/lib/thumb/v7e-m/fpv4-sp/hard/libg.a(lib_a-impure.o)
                0x0000000020000004                _impure_ptr
 .data.impure_data
                0x0000000020000008      0x428 /home/sad/Desktop/4.sem/EMP/Tools/CCS7/ccsv7/tools/compiler/gcc-arm-none-eabi-6-2017-q1-update/bin/../lib/gcc/arm-none-eabi/6.3.1/../../../../arm-none-eabi/lib/thumb/v7e-m/fpv4-sp/hard/libg.a(lib_a-impure.o)
 .data.__atexit_recursive_mutex
                0x0000000020000430        0x4 /home/sad/Desktop/4.sem/EMP/Tools/CCS7/ccsv7/tools/compiler/gcc-arm-none-eabi-6-2017-q1-update/bin/../lib/gcc/arm-none-eabi/6.3.1/../../../../arm-none-eabi/lib/thumb/v7e-m/fpv4-sp/hard/libg.a(lib_a-__call_atexit.o)
                0x0000000020000430                __atexit_recursive_mutex
                0x0000000020000434                . = ALIGN (0x4)
                0x0000000020000434                __data_end__ = .

.jcr            0x0000000020000434        0x4 load address 0x0000000000002524
 .jcr           0x0000000020000434        0x0 /home/sad/Desktop/4.sem/EMP/Tools/CCS7/ccsv7/tools/compiler/gcc-arm-none-eabi-6-2017-q1-update/bin/../lib/gcc/arm-none-eabi/6.3.1/thumb/v7e-m/fpv4-sp/hard/crtbegin.o
 .jcr           0x0000000020000434        0x4 /home/sad/Desktop/4.sem/EMP/Tools/CCS7/ccsv7/tools/compiler/gcc-arm-none-eabi-6-2017-q1-update/bin/../lib/gcc/arm-none-eabi/6.3.1/thumb/v7e-m/fpv4-sp/hard/crtend.o

.igot.plt       0x0000000020000438        0x0 load address 0x0000000000002528
 .igot.plt      0x0000000020000438        0x0 /home/sad/Desktop/4.sem/EMP/Tools/CCS7/ccsv7/tools/compiler/gcc-arm-none-eabi-6-2017-q1-update/bin/../lib/gcc/arm-none-eabi/6.3.1/thumb/v7e-m/fpv4-sp/hard/crtbegin.o

.ARM.exidx      0x0000000000002528        0x8
                0x0000000000002528                __exidx_start = .
 *(.ARM.exidx* .gnu.linkonce.armexidx.*)
 .ARM.exidx     0x0000000000002528        0x8 /home/sad/Desktop/4.sem/EMP/Tools/CCS7/ccsv7/tools/compiler/gcc-arm-none-eabi-6-2017-q1-update/bin/../lib/gcc/arm-none-eabi/6.3.1/../../../../arm-none-eabi/lib/thumb/v7e-m/fpv4-sp/hard/crt0.o
                0x0000000000002530                __exidx_end = .

.ARM.extab      0x0000000000002530        0x0
 *(.ARM.extab* .gnu.linkonce.armextab.*)
 .ARM.extab     0x0000000000002530        0x0 /home/sad/Desktop/4.sem/EMP/Tools/CCS7/ccsv7/tools/compiler/gcc-arm-none-eabi-6-2017-q1-update/bin/../lib/gcc/arm-none-eabi/6.3.1/../../../../arm-none-eabi/lib/thumb/v7e-m/fpv4-sp/hard/crt0.o

.rel.dyn        0x0000000000002530        0x0
 .rel.iplt      0x0000000000002530        0x0 /home/sad/Desktop/4.sem/EMP/Tools/CCS7/ccsv7/tools/compiler/gcc-arm-none-eabi-6-2017-q1-update/bin/../lib/gcc/arm-none-eabi/6.3.1/thumb/v7e-m/fpv4-sp/hard/crtbegin.o

.bss            0x0000000020000438      0xca0
                0x0000000020000438                __bss_start__ = .
 *(.shbss)
 *(.bss)
 .bss           0x0000000020000438        0x0 /home/sad/Desktop/4.sem/EMP/Tools/CCS7/ccsv7/tools/compiler/gcc-arm-none-eabi-6-2017-q1-update/bin/../lib/gcc/arm-none-eabi/6.3.1/thumb/v7e-m/fpv4-sp/hard/crti.o
 .bss           0x0000000020000438       0x1c /home/sad/Desktop/4.sem/EMP/Tools/CCS7/ccsv7/tools/compiler/gcc-arm-none-eabi-6-2017-q1-update/bin/../lib/gcc/arm-none-eabi/6.3.1/thumb/v7e-m/fpv4-sp/hard/crtbegin.o
 .bss           0x0000000020000454        0x0 /home/sad/Desktop/4.sem/EMP/Tools/CCS7/ccsv7/tools/compiler/gcc-arm-none-eabi-6-2017-q1-update/bin/../lib/gcc/arm-none-eabi/6.3.1/../../../../arm-none-eabi/lib/thumb/v7e-m/fpv4-sp/hard/crt0.o
 .bss           0x0000000020000454        0x0 ./gpio.o
 .bss           0x0000000020000454        0x0 ./keyboard.o
 .bss           0x0000000020000454        0x0 ./lcd.o
 .bss           0x0000000020000454        0x0 ./main.o
 .bss           0x0000000020000454        0x0 ./rtc.o
 .bss           0x0000000020000454        0x0 ./rtcs.o
 .bss           0x0000000020000454        0x0 ./systick.o
 .bss           0x0000000020000454        0x0 ./tm4c123gh6pm_startup_ccs_gcc.o
 .bss           0x0000000020000454        0x0 ./uart.o
 .bss           0x0000000020000454        0x0 ./ui.o
 .bss           0x0000000020000454        0x0 /home/sad/Desktop/4.sem/EMP/Tools/CCS7/ccsv7/tools/compiler/gcc-arm-none-eabi-6-2017-q1-update/bin/../lib/gcc/arm-none-eabi/6.3.1/../../../../arm-none-eabi/lib/thumb/v7e-m/fpv4-sp/hard/libg.a(lib_a-exit.o)
 .bss           0x0000000020000454        0x0 /home/sad/Desktop/4.sem/EMP/Tools/CCS7/ccsv7/tools/compiler/gcc-arm-none-eabi-6-2017-q1-update/bin/../lib/gcc/arm-none-eabi/6.3.1/../../../../arm-none-eabi/lib/thumb/v7e-m/fpv4-sp/hard/libg.a(lib_a-impure.o)
 .bss           0x0000000020000454        0x0 /home/sad/Desktop/4.sem/EMP/Tools/CCS7/ccsv7/tools/compiler/gcc-arm-none-eabi-6-2017-q1-update/bin/../lib/gcc/arm-none-eabi/6.3.1/../../../../arm-none-eabi/lib/thumb/v7e-m/fpv4-sp/hard/libg.a(lib_a-init.o)
 .bss           0x0000000020000454        0x0 /home/sad/Desktop/4.sem/EMP/Tools/CCS7/ccsv7/tools/compiler/gcc-arm-none-eabi-6-2017-q1-update/bin/../lib/gcc/arm-none-eabi/6.3.1/../../../../arm-none-eabi/lib/thumb/v7e-m/fpv4-sp/hard/libg.a(lib_a-memset.o)
 .bss           0x0000000020000454        0x0 /home/sad/Desktop/4.sem/EMP/Tools/CCS7/ccsv7/tools/compiler/gcc-arm-none-eabi-6-2017-q1-update/bin/../lib/gcc/arm-none-eabi/6.3.1/../../../../arm-none-eabi/lib/thumb/v7e-m/fpv4-sp/hard/libg.a(lib_a-__call_atexit.o)
 .bss           0x0000000020000454        0x0 /home/sad/Desktop/4.sem/EMP/Tools/CCS7/ccsv7/tools/compiler/gcc-arm-none-eabi-6-2017-q1-update/bin/../lib/gcc/arm-none-eabi/6.3.1/../../../../arm-none-eabi/lib/thumb/v7e-m/fpv4-sp/hard/libg.a(lib_a-atexit.o)
 .bss           0x0000000020000454        0x0 /home/sad/Desktop/4.sem/EMP/Tools/CCS7/ccsv7/tools/compiler/gcc-arm-none-eabi-6-2017-q1-update/bin/../lib/gcc/arm-none-eabi/6.3.1/../../../../arm-none-eabi/lib/thumb/v7e-m/fpv4-sp/hard/libg.a(lib_a-fini.o)
 .bss           0x0000000020000454        0x0 /home/sad/Desktop/4.sem/EMP/Tools/CCS7/ccsv7/tools/compiler/gcc-arm-none-eabi-6-2017-q1-update/bin/../lib/gcc/arm-none-eabi/6.3.1/../../../../arm-none-eabi/lib/thumb/v7e-m/fpv4-sp/hard/libg.a(lib_a-lock.o)
 .bss           0x0000000020000454        0x0 /home/sad/Desktop/4.sem/EMP/Tools/CCS7/ccsv7/tools/compiler/gcc-arm-none-eabi-6-2017-q1-update/bin/../lib/gcc/arm-none-eabi/6.3.1/../../../../arm-none-eabi/lib/thumb/v7e-m/fpv4-sp/hard/libg.a(lib_a-__atexit.o)
 .bss           0x0000000020000454        0x0 /home/sad/Desktop/4.sem/EMP/Tools/CCS7/ccsv7/tools/compiler/gcc-arm-none-eabi-6-2017-q1-update/bin/../lib/gcc/arm-none-eabi/6.3.1/../../../../arm-none-eabi/lib/thumb/v7e-m/fpv4-sp/hard/libnosys.a(_exit.o)
 .bss           0x0000000020000454        0x0 /home/sad/Desktop/4.sem/EMP/Tools/CCS7/ccsv7/tools/compiler/gcc-arm-none-eabi-6-2017-q1-update/bin/../lib/gcc/arm-none-eabi/6.3.1/thumb/v7e-m/fpv4-sp/hard/crtend.o
 .bss           0x0000000020000454        0x0 /home/sad/Desktop/4.sem/EMP/Tools/CCS7/ccsv7/tools/compiler/gcc-arm-none-eabi-6-2017-q1-update/bin/../lib/gcc/arm-none-eabi/6.3.1/thumb/v7e-m/fpv4-sp/hard/crtn.o
 *(.bss.*)
 .bss.rep.5376  0x0000000020000454        0x1 ./keyboard.o
 .bss.count.5377
                0x0000000020000455        0x1 ./keyboard.o
 .bss.s_kp_value.5375
                0x0000000020000456        0x1 ./keyboard.o
 .bss.i.5400    0x0000000020000457        0x1 ./keyboard.o
 .bss.inbuff.5401
                0x0000000020000458        0x9 ./keyboard.o
 .bss.LCD_state
                0x0000000020000461        0x1 ./lcd.o
                0x0000000020000461                LCD_state
 .bss.Mode4bit.5388
                0x0000000020000462        0x1 ./lcd.o
 .bss.next_id.5359
                0x0000000020000463        0x1 ./rtcs.o
 .bss.ticks     0x0000000020000464        0x2 ./systick.o
                0x0000000020000464                ticks
 *fill*         0x0000000020000466        0x2 
 .bss.pui32Stack
                0x0000000020000468      0x200 ./tm4c123gh6pm_startup_ccs_gcc.o
 *(COMMON)
 COMMON         0x0000000020000668        0x1 ./lcd.o
                0x0000000020000668                LCD_init
 COMMON         0x0000000020000669        0x3 ./rtc.o
                0x0000000020000669                hour
                0x000000002000066a                min
                0x000000002000066b                sec
 COMMON         0x000000002000066c      0x9c4 ./rtcs.o
                0x000000002000066c                pos
                0x000000002000072c                current_task
                0x0000000020000730                pot
                0x00000000200007f0                poq
 COMMON         0x0000000020001030       0x84 ./ui.o
                0x0000000020001030                i
                0x0000000020001034                InBuf
 COMMON         0x00000000200010b4       0x21 /home/sad/Desktop/4.sem/EMP/Tools/CCS7/ccsv7/tools/compiler/gcc-arm-none-eabi-6-2017-q1-update/bin/../lib/gcc/arm-none-eabi/6.3.1/../../../../arm-none-eabi/lib/thumb/v7e-m/fpv4-sp/hard/libg.a(lib_a-lock.o)
                0x00000000200010b4                __lock___atexit_recursive_mutex
                0x00000000200010b8                __lock___arc4random_mutex
                0x00000000200010bc                __lock___env_recursive_mutex
                0x00000000200010c0                __lock___sinit_recursive_mutex
                0x00000000200010c4                __lock___malloc_recursive_mutex
                0x00000000200010c8                __lock___at_quick_exit_mutex
                0x00000000200010cc                __lock___dd_hash_mutex
                0x00000000200010d0                __lock___tz_mutex
                0x00000000200010d4                __lock___sfp_recursive_mutex
                0x00000000200010d8                . = ALIGN (0x4)
 *fill*         0x00000000200010d5        0x3 
                0x00000000200010d8                __bss_end__ = .

.heap           0x00000000200010d8        0x0
                0x00000000200010d8                __heap_start__ = .
                0x00000000200010d8                end = __heap_start__
                0x00000000200010d8                _end = end
                0x00000000200010d8                __end = end
 *(.heap)
                0x00000000200010d8                __heap_end__ = .
                0x00000000200010d8                __HeapLimit = __heap_end__

.stack          0x00000000200010d8        0x0
                0x00000000200010d8                _stack = .
                0x00000000200010d8                __stack = .
 *(.stack)
START GROUP
LOAD /home/sad/Desktop/4.sem/EMP/Tools/CCS7/ccsv7/tools/compiler/gcc-arm-none-eabi-6-2017-q1-update/bin/../lib/gcc/arm-none-eabi/6.3.1/thumb/v7e-m/fpv4-sp/hard/libgcc.a
LOAD /home/sad/Desktop/4.sem/EMP/Tools/CCS7/ccsv7/tools/compiler/gcc-arm-none-eabi-6-2017-q1-update/bin/../lib/gcc/arm-none-eabi/6.3.1/../../../../arm-none-eabi/lib/thumb/v7e-m/fpv4-sp/hard/libg.a
LOAD /home/sad/Desktop/4.sem/EMP/Tools/CCS7/ccsv7/tools/compiler/gcc-arm-none-eabi-6-2017-q1-update/bin/../lib/gcc/arm-none-eabi/6.3.1/../../../../arm-none-eabi/lib/thumb/v7e-m/fpv4-sp/hard/libc.a
END GROUP
START GROUP
LOAD /home/sad/Desktop/4.sem/EMP/Tools/CCS7/ccsv7/tools/compiler/gcc-arm-none-eabi-6-2017-q1-update/bin/../lib/gcc/arm-none-eabi/6.3.1/thumb/v7e-m/fpv4-sp/hard/libgcc.a
LOAD /home/sad/Desktop/4.sem/EMP/Tools/CCS7/ccsv7/tools/compiler/gcc-arm-none-eabi-6-2017-q1-update/bin/../lib/gcc/arm-none-eabi/6.3.1/../../../../arm-none-eabi/lib/thumb/v7e-m/fpv4-sp/hard/libc.a
LOAD /home/sad/Desktop/4.sem/EMP/Tools/CCS7/ccsv7/tools/compiler/gcc-arm-none-eabi-6-2017-q1-update/bin/../lib/gcc/arm-none-eabi/6.3.1/../../../../arm-none-eabi/lib/thumb/v7e-m/fpv4-sp/hard/libnosys.a
END GROUP
LOAD /home/sad/Desktop/4.sem/EMP/Tools/CCS7/ccsv7/tools/compiler/gcc-arm-none-eabi-6-2017-q1-update/bin/../lib/gcc/arm-none-eabi/6.3.1/thumb/v7e-m/fpv4-sp/hard/crtend.o
LOAD /home/sad/Desktop/4.sem/EMP/Tools/CCS7/ccsv7/tools/compiler/gcc-arm-none-eabi-6-2017-q1-update/bin/../lib/gcc/arm-none-eabi/6.3.1/thumb/v7e-m/fpv4-sp/hard/crtn.o
OUTPUT(HenTestie2(Sucess).out elf32-littlearm)

.ARM.attributes
                0x0000000000000000       0x30
 .ARM.attributes
                0x0000000000000000       0x22 /home/sad/Desktop/4.sem/EMP/Tools/CCS7/ccsv7/tools/compiler/gcc-arm-none-eabi-6-2017-q1-update/bin/../lib/gcc/arm-none-eabi/6.3.1/thumb/v7e-m/fpv4-sp/hard/crti.o
 .ARM.attributes
                0x0000000000000022       0x34 /home/sad/Desktop/4.sem/EMP/Tools/CCS7/ccsv7/tools/compiler/gcc-arm-none-eabi-6-2017-q1-update/bin/../lib/gcc/arm-none-eabi/6.3.1/thumb/v7e-m/fpv4-sp/hard/crtbegin.o
 .ARM.attributes
                0x0000000000000056       0x20 /home/sad/Desktop/4.sem/EMP/Tools/CCS7/ccsv7/tools/compiler/gcc-arm-none-eabi-6-2017-q1-update/bin/../lib/gcc/arm-none-eabi/6.3.1/../../../../arm-none-eabi/lib/thumb/v7e-m/fpv4-sp/hard/crt0.o
 .ARM.attributes
                0x0000000000000076       0x39 ./gpio.o
 .ARM.attributes
                0x00000000000000af       0x39 ./keyboard.o
 .ARM.attributes
                0x00000000000000e8       0x39 ./lcd.o
 .ARM.attributes
                0x0000000000000121       0x39 ./main.o
 .ARM.attributes
                0x000000000000015a       0x39 ./rtc.o
 .ARM.attributes
                0x0000000000000193       0x39 ./rtcs.o
 .ARM.attributes
                0x00000000000001cc       0x39 ./systick.o
 .ARM.attributes
                0x0000000000000205       0x39 ./tm4c123gh6pm_startup_ccs_gcc.o
 .ARM.attributes
                0x000000000000023e       0x39 ./uart.o
 .ARM.attributes
                0x0000000000000277       0x39 ./ui.o
 .ARM.attributes
                0x00000000000002b0       0x34 /home/sad/Desktop/4.sem/EMP/Tools/CCS7/ccsv7/tools/compiler/gcc-arm-none-eabi-6-2017-q1-update/bin/../lib/gcc/arm-none-eabi/6.3.1/../../../../arm-none-eabi/lib/thumb/v7e-m/fpv4-sp/hard/libg.a(lib_a-exit.o)
 .ARM.attributes
                0x00000000000002e4       0x34 /home/sad/Desktop/4.sem/EMP/Tools/CCS7/ccsv7/tools/compiler/gcc-arm-none-eabi-6-2017-q1-update/bin/../lib/gcc/arm-none-eabi/6.3.1/../../../../arm-none-eabi/lib/thumb/v7e-m/fpv4-sp/hard/libg.a(lib_a-impure.o)
 .ARM.attributes
                0x0000000000000318       0x34 /home/sad/Desktop/4.sem/EMP/Tools/CCS7/ccsv7/tools/compiler/gcc-arm-none-eabi-6-2017-q1-update/bin/../lib/gcc/arm-none-eabi/6.3.1/../../../../arm-none-eabi/lib/thumb/v7e-m/fpv4-sp/hard/libg.a(lib_a-init.o)
 .ARM.attributes
                0x000000000000034c       0x34 /home/sad/Desktop/4.sem/EMP/Tools/CCS7/ccsv7/tools/compiler/gcc-arm-none-eabi-6-2017-q1-update/bin/../lib/gcc/arm-none-eabi/6.3.1/../../../../arm-none-eabi/lib/thumb/v7e-m/fpv4-sp/hard/libg.a(lib_a-memset.o)
 .ARM.attributes
                0x0000000000000380       0x34 /home/sad/Desktop/4.sem/EMP/Tools/CCS7/ccsv7/tools/compiler/gcc-arm-none-eabi-6-2017-q1-update/bin/../lib/gcc/arm-none-eabi/6.3.1/../../../../arm-none-eabi/lib/thumb/v7e-m/fpv4-sp/hard/libg.a(lib_a-__call_atexit.o)
 .ARM.attributes
                0x00000000000003b4       0x34 /home/sad/Desktop/4.sem/EMP/Tools/CCS7/ccsv7/tools/compiler/gcc-arm-none-eabi-6-2017-q1-update/bin/../lib/gcc/arm-none-eabi/6.3.1/../../../../arm-none-eabi/lib/thumb/v7e-m/fpv4-sp/hard/libg.a(lib_a-atexit.o)
 .ARM.attributes
                0x00000000000003e8       0x34 /home/sad/Desktop/4.sem/EMP/Tools/CCS7/ccsv7/tools/compiler/gcc-arm-none-eabi-6-2017-q1-update/bin/../lib/gcc/arm-none-eabi/6.3.1/../../../../arm-none-eabi/lib/thumb/v7e-m/fpv4-sp/hard/libg.a(lib_a-fini.o)
 .ARM.attributes
                0x000000000000041c       0x34 /home/sad/Desktop/4.sem/EMP/Tools/CCS7/ccsv7/tools/compiler/gcc-arm-none-eabi-6-2017-q1-update/bin/../lib/gcc/arm-none-eabi/6.3.1/../../../../arm-none-eabi/lib/thumb/v7e-m/fpv4-sp/hard/libg.a(lib_a-lock.o)
 .ARM.attributes
                0x0000000000000450       0x34 /home/sad/Desktop/4.sem/EMP/Tools/CCS7/ccsv7/tools/compiler/gcc-arm-none-eabi-6-2017-q1-update/bin/../lib/gcc/arm-none-eabi/6.3.1/../../../../arm-none-eabi/lib/thumb/v7e-m/fpv4-sp/hard/libg.a(lib_a-__atexit.o)
 .ARM.attributes
                0x0000000000000484       0x34 /home/sad/Desktop/4.sem/EMP/Tools/CCS7/ccsv7/tools/compiler/gcc-arm-none-eabi-6-2017-q1-update/bin/../lib/gcc/arm-none-eabi/6.3.1/../../../../arm-none-eabi/lib/thumb/v7e-m/fpv4-sp/hard/libnosys.a(_exit.o)
 .ARM.attributes
                0x00000000000004b8       0x34 /home/sad/Desktop/4.sem/EMP/Tools/CCS7/ccsv7/tools/compiler/gcc-arm-none-eabi-6-2017-q1-update/bin/../lib/gcc/arm-none-eabi/6.3.1/thumb/v7e-m/fpv4-sp/hard/crtend.o
 .ARM.attributes
                0x00000000000004ec       0x22 /home/sad/Desktop/4.sem/EMP/Tools/CCS7/ccsv7/tools/compiler/gcc-arm-none-eabi-6-2017-q1-update/bin/../lib/gcc/arm-none-eabi/6.3.1/thumb/v7e-m/fpv4-sp/hard/crtn.o

.comment        0x0000000000000000       0x7f
 .comment       0x0000000000000000       0x7f ./gpio.o
                                         0x80 (size before relaxing)
 .comment       0x000000000000007f       0x80 ./keyboard.o
 .comment       0x000000000000007f       0x80 ./lcd.o
 .comment       0x000000000000007f       0x80 ./main.o
 .comment       0x000000000000007f       0x80 ./rtc.o
 .comment       0x000000000000007f       0x80 ./rtcs.o
 .comment       0x000000000000007f       0x80 ./systick.o
 .comment       0x000000000000007f       0x80 ./tm4c123gh6pm_startup_ccs_gcc.o
 .comment       0x000000000000007f       0x80 ./uart.o
 .comment       0x000000000000007f       0x80 ./ui.o

.debug_info     0x0000000000000000     0x152e
 .debug_info    0x0000000000000000       0xb2 ./gpio.o
 .debug_info    0x00000000000000b2      0x252 ./keyboard.o
 .debug_info    0x0000000000000304      0x38f ./lcd.o
 .debug_info    0x0000000000000693       0xae ./main.o
 .debug_info    0x0000000000000741      0x201 ./rtc.o
 .debug_info    0x0000000000000942      0x556 ./rtcs.o
 .debug_info    0x0000000000000e98       0xfb ./systick.o
 .debug_info    0x0000000000000f93      0x194 ./tm4c123gh6pm_startup_ccs_gcc.o
 .debug_info    0x0000000000001127      0x2d3 ./uart.o
 .debug_info    0x00000000000013fa      0x134 ./ui.o

.debug_abbrev   0x0000000000000000      0x750
 .debug_abbrev  0x0000000000000000       0x5b ./gpio.o
 .debug_abbrev  0x000000000000005b       0xbb ./keyboard.o
 .debug_abbrev  0x0000000000000116      0x108 ./lcd.o
 .debug_abbrev  0x000000000000021e       0x66 ./main.o
 .debug_abbrev  0x0000000000000284       0x89 ./rtc.o
 .debug_abbrev  0x000000000000030d      0x181 ./rtcs.o
 .debug_abbrev  0x000000000000048e       0x77 ./systick.o
 .debug_abbrev  0x0000000000000505       0xca ./tm4c123gh6pm_startup_ccs_gcc.o
 .debug_abbrev  0x00000000000005cf       0xcb ./uart.o
 .debug_abbrev  0x000000000000069a       0xb6 ./ui.o

.debug_aranges  0x0000000000000000      0x2d8
 .debug_aranges
                0x0000000000000000       0x20 ./gpio.o
 .debug_aranges
                0x0000000000000020       0x38 ./keyboard.o
 .debug_aranges
                0x0000000000000058       0x80 ./lcd.o
 .debug_aranges
                0x00000000000000d8       0x20 ./main.o
 .debug_aranges
                0x00000000000000f8       0x58 ./rtc.o
 .debug_aranges
                0x0000000000000150       0x80 ./rtcs.o
 .debug_aranges
                0x00000000000001d0       0x38 ./systick.o
 .debug_aranges
                0x0000000000000208       0x38 ./tm4c123gh6pm_startup_ccs_gcc.o
 .debug_aranges
                0x0000000000000240       0x78 ./uart.o
 .debug_aranges
                0x00000000000002b8       0x20 ./ui.o

.debug_ranges   0x0000000000000000      0x238
 .debug_ranges  0x0000000000000000       0x10 ./gpio.o
 .debug_ranges  0x0000000000000010       0x28 ./keyboard.o
 .debug_ranges  0x0000000000000038       0x70 ./lcd.o
 .debug_ranges  0x00000000000000a8       0x10 ./main.o
 .debug_ranges  0x00000000000000b8       0x48 ./rtc.o
 .debug_ranges  0x0000000000000100       0x70 ./rtcs.o
 .debug_ranges  0x0000000000000170       0x28 ./systick.o
 .debug_ranges  0x0000000000000198       0x28 ./tm4c123gh6pm_startup_ccs_gcc.o
 .debug_ranges  0x00000000000001c0       0x68 ./uart.o
 .debug_ranges  0x0000000000000228       0x10 ./ui.o

.debug_line     0x0000000000000000      0xfd0
 .debug_line    0x0000000000000000      0x15b ./gpio.o
 .debug_line    0x000000000000015b      0x1ea ./keyboard.o
 .debug_line    0x0000000000000345      0x28f ./lcd.o
 .debug_line    0x00000000000005d4       0x67 ./main.o
 .debug_line    0x000000000000063b       0xe6 ./rtc.o
 .debug_line    0x0000000000000721      0x2ab ./rtcs.o
 .debug_line    0x00000000000009cc      0x19e ./systick.o
 .debug_line    0x0000000000000b6a      0x1a5 ./tm4c123gh6pm_startup_ccs_gcc.o
 .debug_line    0x0000000000000d0f      0x245 ./uart.o
 .debug_line    0x0000000000000f54       0x7c ./ui.o

.debug_str      0x0000000000000000      0x6d3
 .debug_str     0x0000000000000000      0x190 ./gpio.o
                                        0x1cd (size before relaxing)
 .debug_str     0x0000000000000190       0x9f ./keyboard.o
                                        0x260 (size before relaxing)
 .debug_str     0x000000000000022f      0x115 ./lcd.o
                                        0x2f1 (size before relaxing)
 .debug_str     0x0000000000000344       0x1c ./main.o
                                        0x1bb (size before relaxing)
 .debug_str     0x0000000000000360       0x65 ./rtc.o
                                        0x225 (size before relaxing)
 .debug_str     0x00000000000003c5      0x111 ./rtcs.o
                                        0x312 (size before relaxing)
 .debug_str     0x00000000000004d6       0x4f ./systick.o
                                        0x20f (size before relaxing)
 .debug_str     0x0000000000000525       0xbb ./tm4c123gh6pm_startup_ccs_gcc.o
                                        0x26a (size before relaxing)
 .debug_str     0x00000000000005e0       0xdd ./uart.o
                                        0x2d8 (size before relaxing)
 .debug_str     0x00000000000006bd       0x16 ./ui.o
                                        0x1eb (size before relaxing)

.debug_frame    0x0000000000000000      0xb68
 .debug_frame   0x0000000000000000       0x38 ./gpio.o
 .debug_frame   0x0000000000000038       0xa8 ./keyboard.o
 .debug_frame   0x00000000000000e0      0x1e0 ./lcd.o
 .debug_frame   0x00000000000002c0       0x2c ./main.o
 .debug_frame   0x00000000000002ec      0x138 ./rtc.o
 .debug_frame   0x0000000000000424      0x1fc ./rtcs.o
 .debug_frame   0x0000000000000620       0x90 ./systick.o
 .debug_frame   0x00000000000006b0       0x7c ./tm4c123gh6pm_startup_ccs_gcc.o
 .debug_frame   0x000000000000072c      0x1c8 ./uart.o
 .debug_frame   0x00000000000008f4       0x38 ./ui.o
 .debug_frame   0x000000000000092c       0x28 /home/sad/Desktop/4.sem/EMP/Tools/CCS7/ccsv7/tools/compiler/gcc-arm-none-eabi-6-2017-q1-update/bin/../lib/gcc/arm-none-eabi/6.3.1/../../../../arm-none-eabi/lib/thumb/v7e-m/fpv4-sp/hard/libg.a(lib_a-exit.o)
 .debug_frame   0x0000000000000954       0x2c /home/sad/Desktop/4.sem/EMP/Tools/CCS7/ccsv7/tools/compiler/gcc-arm-none-eabi-6-2017-q1-update/bin/../lib/gcc/arm-none-eabi/6.3.1/../../../../arm-none-eabi/lib/thumb/v7e-m/fpv4-sp/hard/libg.a(lib_a-init.o)
 .debug_frame   0x0000000000000980       0x34 /home/sad/Desktop/4.sem/EMP/Tools/CCS7/ccsv7/tools/compiler/gcc-arm-none-eabi-6-2017-q1-update/bin/../lib/gcc/arm-none-eabi/6.3.1/../../../../arm-none-eabi/lib/thumb/v7e-m/fpv4-sp/hard/libg.a(lib_a-memset.o)
 .debug_frame   0x00000000000009b4       0x5c /home/sad/Desktop/4.sem/EMP/Tools/CCS7/ccsv7/tools/compiler/gcc-arm-none-eabi-6-2017-q1-update/bin/../lib/gcc/arm-none-eabi/6.3.1/../../../../arm-none-eabi/lib/thumb/v7e-m/fpv4-sp/hard/libg.a(lib_a-__call_atexit.o)
 .debug_frame   0x0000000000000a10       0x20 /home/sad/Desktop/4.sem/EMP/Tools/CCS7/ccsv7/tools/compiler/gcc-arm-none-eabi-6-2017-q1-update/bin/../lib/gcc/arm-none-eabi/6.3.1/../../../../arm-none-eabi/lib/thumb/v7e-m/fpv4-sp/hard/libg.a(lib_a-atexit.o)
 .debug_frame   0x0000000000000a30       0x34 /home/sad/Desktop/4.sem/EMP/Tools/CCS7/ccsv7/tools/compiler/gcc-arm-none-eabi-6-2017-q1-update/bin/../lib/gcc/arm-none-eabi/6.3.1/../../../../arm-none-eabi/lib/thumb/v7e-m/fpv4-sp/hard/libg.a(lib_a-fini.o)
 .debug_frame   0x0000000000000a64       0xb0 /home/sad/Desktop/4.sem/EMP/Tools/CCS7/ccsv7/tools/compiler/gcc-arm-none-eabi-6-2017-q1-update/bin/../lib/gcc/arm-none-eabi/6.3.1/../../../../arm-none-eabi/lib/thumb/v7e-m/fpv4-sp/hard/libg.a(lib_a-lock.o)
 .debug_frame   0x0000000000000b14       0x34 /home/sad/Desktop/4.sem/EMP/Tools/CCS7/ccsv7/tools/compiler/gcc-arm-none-eabi-6-2017-q1-update/bin/../lib/gcc/arm-none-eabi/6.3.1/../../../../arm-none-eabi/lib/thumb/v7e-m/fpv4-sp/hard/libg.a(lib_a-__atexit.o)
 .debug_frame   0x0000000000000b48       0x20 /home/sad/Desktop/4.sem/EMP/Tools/CCS7/ccsv7/tools/compiler/gcc-arm-none-eabi-6-2017-q1-update/bin/../lib/gcc/arm-none-eabi/6.3.1/../../../../arm-none-eabi/lib/thumb/v7e-m/fpv4-sp/hard/libnosys.a(_exit.o)
