Archive member included to satisfy reference by file (symbol)

/home/sad/Desktop/4.sem/EMP/Tools/CCS7/ccsv7/tools/compiler/gcc-arm-none-eabi-6-2017-q1-update/bin/../lib/gcc/arm-none-eabi/6.3.1/../../../../arm-none-eabi/lib/thumb/v7e-m/fpv4-sp/hard/libg.a(lib_a-exit.o)
                              /home/sad/Desktop/4.sem/EMP/Tools/CCS7/ccsv7/tools/compiler/gcc-arm-none-eabi-6-2017-q1-update/bin/../lib/gcc/arm-none-eabi/6.3.1/../../../../arm-none-eabi/lib/thumb/v7e-m/fpv4-sp/hard/crt0.o (exit)
/home/sad/Desktop/4.sem/EMP/Tools/CCS7/ccsv7/tools/compiler/gcc-arm-none-eabi-6-2017-q1-update/bin/../lib/gcc/arm-none-eabi/6.3.1/../../../../arm-none-eabi/lib/thumb/v7e-m/fpv4-sp/hard/libg.a(lib_a-impure.o)
                              /home/sad/Desktop/4.sem/EMP/Tools/CCS7/ccsv7/tools/compiler/gcc-arm-none-eabi-6-2017-q1-update/bin/../lib/gcc/arm-none-eabi/6.3.1/../../../../arm-none-eabi/lib/thumb/v7e-m/fpv4-sp/hard/libg.a(lib_a-exit.o) (_global_impure_ptr)
/home/sad/Desktop/4.sem/EMP/Tools/CCS7/ccsv7/tools/compiler/gcc-arm-none-eabi-6-2017-q1-update/bin/../lib/gcc/arm-none-eabi/6.3.1/../../../../arm-none-eabi/lib/thumb/v7e-m/fpv4-sp/hard/libg.a(lib_a-init.o)
                              /home/sad/Desktop/4.sem/EMP/Tools/CCS7/ccsv7/tools/compiler/gcc-arm-none-eabi-6-2017-q1-update/bin/../lib/gcc/arm-none-eabi/6.3.1/../../../../arm-none-eabi/lib/thumb/v7e-m/fpv4-sp/hard/crt0.o (__libc_init_array)
/home/sad/Desktop/4.sem/EMP/Tools/CCS7/ccsv7/tools/compiler/gcc-arm-none-eabi-6-2017-q1-update/bin/../lib/gcc/arm-none-eabi/6.3.1/../../../../arm-none-eabi/lib/thumb/v7e-m/fpv4-sp/hard/libg.a(lib_a-memset.o)
                              /home/sad/Desktop/4.sem/EMP/Tools/CCS7/ccsv7/tools/compiler/gcc-arm-none-eabi-6-2017-q1-update/bin/../lib/gcc/arm-none-eabi/6.3.1/../../../../arm-none-eabi/lib/thumb/v7e-m/fpv4-sp/hard/crt0.o (memset)
/home/sad/Desktop/4.sem/EMP/Tools/CCS7/ccsv7/tools/compiler/gcc-arm-none-eabi-6-2017-q1-update/bin/../lib/gcc/arm-none-eabi/6.3.1/../../../../arm-none-eabi/lib/thumb/v7e-m/fpv4-sp/hard/libg.a(lib_a-__call_atexit.o)
                              /home/sad/Desktop/4.sem/EMP/Tools/CCS7/ccsv7/tools/compiler/gcc-arm-none-eabi-6-2017-q1-update/bin/../lib/gcc/arm-none-eabi/6.3.1/../../../../arm-none-eabi/lib/thumb/v7e-m/fpv4-sp/hard/libg.a(lib_a-exit.o) (__call_exitprocs)
/home/sad/Desktop/4.sem/EMP/Tools/CCS7/ccsv7/tools/compiler/gcc-arm-none-eabi-6-2017-q1-update/bin/../lib/gcc/arm-none-eabi/6.3.1/../../../../arm-none-eabi/lib/thumb/v7e-m/fpv4-sp/hard/libg.a(lib_a-atexit.o)
                              /home/sad/Desktop/4.sem/EMP/Tools/CCS7/ccsv7/tools/compiler/gcc-arm-none-eabi-6-2017-q1-update/bin/../lib/gcc/arm-none-eabi/6.3.1/../../../../arm-none-eabi/lib/thumb/v7e-m/fpv4-sp/hard/libg.a(lib_a-__call_atexit.o) (atexit)
/home/sad/Desktop/4.sem/EMP/Tools/CCS7/ccsv7/tools/compiler/gcc-arm-none-eabi-6-2017-q1-update/bin/../lib/gcc/arm-none-eabi/6.3.1/../../../../arm-none-eabi/lib/thumb/v7e-m/fpv4-sp/hard/libg.a(lib_a-fini.o)
                              /home/sad/Desktop/4.sem/EMP/Tools/CCS7/ccsv7/tools/compiler/gcc-arm-none-eabi-6-2017-q1-update/bin/../lib/gcc/arm-none-eabi/6.3.1/../../../../arm-none-eabi/lib/thumb/v7e-m/fpv4-sp/hard/libg.a(lib_a-__call_atexit.o) (__libc_fini_array)
/home/sad/Desktop/4.sem/EMP/Tools/CCS7/ccsv7/tools/compiler/gcc-arm-none-eabi-6-2017-q1-update/bin/../lib/gcc/arm-none-eabi/6.3.1/../../../../arm-none-eabi/lib/thumb/v7e-m/fpv4-sp/hard/libg.a(lib_a-lock.o)
                              /home/sad/Desktop/4.sem/EMP/Tools/CCS7/ccsv7/tools/compiler/gcc-arm-none-eabi-6-2017-q1-update/bin/../lib/gcc/arm-none-eabi/6.3.1/../../../../arm-none-eabi/lib/thumb/v7e-m/fpv4-sp/hard/libg.a(lib_a-__call_atexit.o) (__retarget_lock_acquire_recursive)
/home/sad/Desktop/4.sem/EMP/Tools/CCS7/ccsv7/tools/compiler/gcc-arm-none-eabi-6-2017-q1-update/bin/../lib/gcc/arm-none-eabi/6.3.1/../../../../arm-none-eabi/lib/thumb/v7e-m/fpv4-sp/hard/libg.a(lib_a-__atexit.o)
                              /home/sad/Desktop/4.sem/EMP/Tools/CCS7/ccsv7/tools/compiler/gcc-arm-none-eabi-6-2017-q1-update/bin/../lib/gcc/arm-none-eabi/6.3.1/../../../../arm-none-eabi/lib/thumb/v7e-m/fpv4-sp/hard/libg.a(lib_a-atexit.o) (__register_exitproc)
/home/sad/Desktop/4.sem/EMP/Tools/CCS7/ccsv7/tools/compiler/gcc-arm-none-eabi-6-2017-q1-update/bin/../lib/gcc/arm-none-eabi/6.3.1/../../../../arm-none-eabi/lib/thumb/v7e-m/fpv4-sp/hard/libnosys.a(_exit.o)
                              /home/sad/Desktop/4.sem/EMP/Tools/CCS7/ccsv7/tools/compiler/gcc-arm-none-eabi-6-2017-q1-update/bin/../lib/gcc/arm-none-eabi/6.3.1/../../../../arm-none-eabi/lib/thumb/v7e-m/fpv4-sp/hard/libg.a(lib_a-exit.o) (_exit)

Allocating common symbols
Common symbol       size              file

__lock___atexit_recursive_mutex
                    0x1               /home/sad/Desktop/4.sem/EMP/Tools/CCS7/ccsv7/tools/compiler/gcc-arm-none-eabi-6-2017-q1-update/bin/../lib/gcc/arm-none-eabi/6.3.1/../../../../arm-none-eabi/lib/thumb/v7e-m/fpv4-sp/hard/libg.a(lib_a-lock.o)
__lock___arc4random_mutex
                    0x1               /home/sad/Desktop/4.sem/EMP/Tools/CCS7/ccsv7/tools/compiler/gcc-arm-none-eabi-6-2017-q1-update/bin/../lib/gcc/arm-none-eabi/6.3.1/../../../../arm-none-eabi/lib/thumb/v7e-m/fpv4-sp/hard/libg.a(lib_a-lock.o)
__lock___env_recursive_mutex
                    0x1               /home/sad/Desktop/4.sem/EMP/Tools/CCS7/ccsv7/tools/compiler/gcc-arm-none-eabi-6-2017-q1-update/bin/../lib/gcc/arm-none-eabi/6.3.1/../../../../arm-none-eabi/lib/thumb/v7e-m/fpv4-sp/hard/libg.a(lib_a-lock.o)
__lock___sinit_recursive_mutex
                    0x1               /home/sad/Desktop/4.sem/EMP/Tools/CCS7/ccsv7/tools/compiler/gcc-arm-none-eabi-6-2017-q1-update/bin/../lib/gcc/arm-none-eabi/6.3.1/../../../../arm-none-eabi/lib/thumb/v7e-m/fpv4-sp/hard/libg.a(lib_a-lock.o)
__lock___malloc_recursive_mutex
                    0x1               /home/sad/Desktop/4.sem/EMP/Tools/CCS7/ccsv7/tools/compiler/gcc-arm-none-eabi-6-2017-q1-update/bin/../lib/gcc/arm-none-eabi/6.3.1/../../../../arm-none-eabi/lib/thumb/v7e-m/fpv4-sp/hard/libg.a(lib_a-lock.o)
ticks               0x2               ./hidkp.o
__lock___at_quick_exit_mutex
                    0x1               /home/sad/Desktop/4.sem/EMP/Tools/CCS7/ccsv7/tools/compiler/gcc-arm-none-eabi-6-2017-q1-update/bin/../lib/gcc/arm-none-eabi/6.3.1/../../../../arm-none-eabi/lib/thumb/v7e-m/fpv4-sp/hard/libg.a(lib_a-lock.o)
__lock___dd_hash_mutex
                    0x1               /home/sad/Desktop/4.sem/EMP/Tools/CCS7/ccsv7/tools/compiler/gcc-arm-none-eabi-6-2017-q1-update/bin/../lib/gcc/arm-none-eabi/6.3.1/../../../../arm-none-eabi/lib/thumb/v7e-m/fpv4-sp/hard/libg.a(lib_a-lock.o)
__lock___tz_mutex   0x1               /home/sad/Desktop/4.sem/EMP/Tools/CCS7/ccsv7/tools/compiler/gcc-arm-none-eabi-6-2017-q1-update/bin/../lib/gcc/arm-none-eabi/6.3.1/../../../../arm-none-eabi/lib/thumb/v7e-m/fpv4-sp/hard/libg.a(lib_a-lock.o)
__lock___sfp_recursive_mutex
                    0x1               /home/sad/Desktop/4.sem/EMP/Tools/CCS7/ccsv7/tools/compiler/gcc-arm-none-eabi-6-2017-q1-update/bin/../lib/gcc/arm-none-eabi/6.3.1/../../../../arm-none-eabi/lib/thumb/v7e-m/fpv4-sp/hard/libg.a(lib_a-lock.o)

Memory Configuration

Name             Origin             Length             Attributes
FLASH            0x0000000000000000 0x0000000000040000 xr
SRAM             0x0000000020000000 0x0000000000008000 xw
*default*        0x0000000000000000 0xffffffffffffffff

Linker script and memory map

LOAD /home/sad/Desktop/4.sem/EMP/Tools/CCS7/ccsv7/tools/compiler/gcc-arm-none-eabi-6-2017-q1-update/bin/../lib/gcc/arm-none-eabi/6.3.1/thumb/v7e-m/fpv4-sp/hard/crti.o
LOAD /home/sad/Desktop/4.sem/EMP/Tools/CCS7/ccsv7/tools/compiler/gcc-arm-none-eabi-6-2017-q1-update/bin/../lib/gcc/arm-none-eabi/6.3.1/thumb/v7e-m/fpv4-sp/hard/crtbegin.o
LOAD /home/sad/Desktop/4.sem/EMP/Tools/CCS7/ccsv7/tools/compiler/gcc-arm-none-eabi-6-2017-q1-update/bin/../lib/gcc/arm-none-eabi/6.3.1/../../../../arm-none-eabi/lib/thumb/v7e-m/fpv4-sp/hard/crt0.o
LOAD ./general.o
LOAD ./hidkp.o
LOAD ./hidsw12.o
LOAD ./main.o
LOAD ./pwm_led.o
LOAD ./sm1_color.o
LOAD ./sm2_color.o
LOAD ./systick.o
LOAD ./tm4c123gh6pm_startup_ccs_gcc.o
                0x0000000000000000                PROVIDE (_intvecs_base_address, 0x0)

.intvecs        0x0000000000000000      0x26c
 *(.intvecs)
 .intvecs       0x0000000000000000      0x26c ./tm4c123gh6pm_startup_ccs_gcc.o
                0x0000000000000000                g_pfnVectors
                0x0000000020000000                PROVIDE (_vtable_base_address, 0x20000000)

.vtable
 *(.vtable)

.text           0x000000000000026c     0x1c0c
 CREATE_OBJECT_SYMBOLS
 *(.text)
 .text          0x000000000000026c        0x0 /home/sad/Desktop/4.sem/EMP/Tools/CCS7/ccsv7/tools/compiler/gcc-arm-none-eabi-6-2017-q1-update/bin/../lib/gcc/arm-none-eabi/6.3.1/thumb/v7e-m/fpv4-sp/hard/crti.o
 .text          0x000000000000026c       0x6c /home/sad/Desktop/4.sem/EMP/Tools/CCS7/ccsv7/tools/compiler/gcc-arm-none-eabi-6-2017-q1-update/bin/../lib/gcc/arm-none-eabi/6.3.1/thumb/v7e-m/fpv4-sp/hard/crtbegin.o
 .text          0x00000000000002d8       0x74 /home/sad/Desktop/4.sem/EMP/Tools/CCS7/ccsv7/tools/compiler/gcc-arm-none-eabi-6-2017-q1-update/bin/../lib/gcc/arm-none-eabi/6.3.1/../../../../arm-none-eabi/lib/thumb/v7e-m/fpv4-sp/hard/crt0.o
                0x00000000000002d8                _mainCRTStartup
                0x00000000000002d8                _start
 .text          0x000000000000034c        0x0 ./general.o
 .text          0x000000000000034c        0x0 ./hidkp.o
 .text          0x000000000000034c        0x0 ./hidsw12.o
 .text          0x000000000000034c        0x0 ./main.o
 .text          0x000000000000034c        0x0 ./pwm_led.o
 .text          0x000000000000034c        0x0 ./sm1_color.o
 .text          0x000000000000034c        0x0 ./sm2_color.o
 .text          0x000000000000034c        0x0 ./systick.o
 .text          0x000000000000034c        0x0 ./tm4c123gh6pm_startup_ccs_gcc.o
 .text          0x000000000000034c        0x0 /home/sad/Desktop/4.sem/EMP/Tools/CCS7/ccsv7/tools/compiler/gcc-arm-none-eabi-6-2017-q1-update/bin/../lib/gcc/arm-none-eabi/6.3.1/../../../../arm-none-eabi/lib/thumb/v7e-m/fpv4-sp/hard/libg.a(lib_a-exit.o)
 .text          0x000000000000034c        0x0 /home/sad/Desktop/4.sem/EMP/Tools/CCS7/ccsv7/tools/compiler/gcc-arm-none-eabi-6-2017-q1-update/bin/../lib/gcc/arm-none-eabi/6.3.1/../../../../arm-none-eabi/lib/thumb/v7e-m/fpv4-sp/hard/libg.a(lib_a-impure.o)
 .text          0x000000000000034c        0x0 /home/sad/Desktop/4.sem/EMP/Tools/CCS7/ccsv7/tools/compiler/gcc-arm-none-eabi-6-2017-q1-update/bin/../lib/gcc/arm-none-eabi/6.3.1/../../../../arm-none-eabi/lib/thumb/v7e-m/fpv4-sp/hard/libg.a(lib_a-init.o)
 .text          0x000000000000034c        0x0 /home/sad/Desktop/4.sem/EMP/Tools/CCS7/ccsv7/tools/compiler/gcc-arm-none-eabi-6-2017-q1-update/bin/../lib/gcc/arm-none-eabi/6.3.1/../../../../arm-none-eabi/lib/thumb/v7e-m/fpv4-sp/hard/libg.a(lib_a-memset.o)
 .text          0x000000000000034c        0x0 /home/sad/Desktop/4.sem/EMP/Tools/CCS7/ccsv7/tools/compiler/gcc-arm-none-eabi-6-2017-q1-update/bin/../lib/gcc/arm-none-eabi/6.3.1/../../../../arm-none-eabi/lib/thumb/v7e-m/fpv4-sp/hard/libg.a(lib_a-__call_atexit.o)
 .text          0x000000000000034c        0x0 /home/sad/Desktop/4.sem/EMP/Tools/CCS7/ccsv7/tools/compiler/gcc-arm-none-eabi-6-2017-q1-update/bin/../lib/gcc/arm-none-eabi/6.3.1/../../../../arm-none-eabi/lib/thumb/v7e-m/fpv4-sp/hard/libg.a(lib_a-atexit.o)
 .text          0x000000000000034c        0x0 /home/sad/Desktop/4.sem/EMP/Tools/CCS7/ccsv7/tools/compiler/gcc-arm-none-eabi-6-2017-q1-update/bin/../lib/gcc/arm-none-eabi/6.3.1/../../../../arm-none-eabi/lib/thumb/v7e-m/fpv4-sp/hard/libg.a(lib_a-fini.o)
 .text          0x000000000000034c        0x0 /home/sad/Desktop/4.sem/EMP/Tools/CCS7/ccsv7/tools/compiler/gcc-arm-none-eabi-6-2017-q1-update/bin/../lib/gcc/arm-none-eabi/6.3.1/../../../../arm-none-eabi/lib/thumb/v7e-m/fpv4-sp/hard/libg.a(lib_a-lock.o)
 .text          0x000000000000034c        0x0 /home/sad/Desktop/4.sem/EMP/Tools/CCS7/ccsv7/tools/compiler/gcc-arm-none-eabi-6-2017-q1-update/bin/../lib/gcc/arm-none-eabi/6.3.1/../../../../arm-none-eabi/lib/thumb/v7e-m/fpv4-sp/hard/libg.a(lib_a-__atexit.o)
 .text          0x000000000000034c        0x0 /home/sad/Desktop/4.sem/EMP/Tools/CCS7/ccsv7/tools/compiler/gcc-arm-none-eabi-6-2017-q1-update/bin/../lib/gcc/arm-none-eabi/6.3.1/../../../../arm-none-eabi/lib/thumb/v7e-m/fpv4-sp/hard/libnosys.a(_exit.o)
 .text          0x000000000000034c        0x0 /home/sad/Desktop/4.sem/EMP/Tools/CCS7/ccsv7/tools/compiler/gcc-arm-none-eabi-6-2017-q1-update/bin/../lib/gcc/arm-none-eabi/6.3.1/thumb/v7e-m/fpv4-sp/hard/crtend.o
 .text          0x000000000000034c        0x0 /home/sad/Desktop/4.sem/EMP/Tools/CCS7/ccsv7/tools/compiler/gcc-arm-none-eabi-6-2017-q1-update/bin/../lib/gcc/arm-none-eabi/6.3.1/thumb/v7e-m/fpv4-sp/hard/crtn.o
 *(.text.*)
 .text.toggle_global_int
                0x000000000000034c       0x2c ./general.o
                0x000000000000034c                toggle_global_int
 .text.switch_init
                0x0000000000000378       0x6c ./general.o
                0x0000000000000378                switch_init
 .text.init_keypad
                0x00000000000003e4       0x68 ./hidkp.o
                0x00000000000003e4                init_keypad
 .text.kp_scan  0x000000000000044c       0xe4 ./hidkp.o
                0x000000000000044c                kp_scan
 .text.kp_sample
                0x0000000000000530       0xb8 ./hidkp.o
                0x0000000000000530                kp_sample
 .text.kp_event
                0x00000000000005e8      0x1e8 ./hidkp.o
                0x00000000000005e8                kp_event
 .text.kp_fast  0x00000000000007d0      0x164 ./hidkp.o
                0x00000000000007d0                kp_fast
 .text.sw1_check
                0x0000000000000934       0x24 ./hidsw12.o
                0x0000000000000934                sw1_check
 .text.sample_sw1
                0x0000000000000958       0x7c ./hidsw12.o
                0x0000000000000958                sample_sw1
 .text.sw2_check
                0x00000000000009d4       0x24 ./hidsw12.o
                0x00000000000009d4                sw2_check
 .text.sample_sw2
                0x00000000000009f8       0x7c ./hidsw12.o
                0x00000000000009f8                sample_sw2
 .text.sw12_check
                0x0000000000000a74       0x24 ./hidsw12.o
                0x0000000000000a74                sw12_check
 .text.sample_sw12
                0x0000000000000a98       0xb4 ./hidsw12.o
                0x0000000000000a98                sample_sw12
 .text.sw1_event
                0x0000000000000b4c      0x110 ./hidsw12.o
                0x0000000000000b4c                sw1_event
 .text.sw2_event
                0x0000000000000c5c       0xfc ./hidsw12.o
                0x0000000000000c5c                sw2_event
 .text.sw12_event
                0x0000000000000d58      0x228 ./hidsw12.o
                0x0000000000000d58                sw12_event
 .text.main     0x0000000000000f80      0x1a4 ./main.o
                0x0000000000000f80                main
 .text.init_pwm
                0x0000000000001124      0x11c ./pwm_led.o
                0x0000000000001124                init_pwm
 .text.led_colormix
                0x0000000000001240       0x48 ./pwm_led.o
                0x0000000000001240                led_colormix
 .text.led_toggle
                0x0000000000001288       0x2c ./pwm_led.o
                0x0000000000001288                led_toggle
 .text.sm1_color_v1
                0x00000000000012b4      0x160 ./sm1_color.o
                0x00000000000012b4                sm1_color_v1
 .text.sm1_color_v2
                0x0000000000001414      0x450 ./sm1_color.o
                0x0000000000001414                sm1_color_v2
 .text.sm2_color
                0x0000000000001864      0x16c ./sm2_color.o
                0x0000000000001864                sm2_color
 .text.systick_handler
                0x00000000000019d0       0x20 ./systick.o
                0x00000000000019d0                systick_handler
 .text.init_systick
                0x00000000000019f0       0xac ./systick.o
                0x00000000000019f0                init_systick
 .text.ResetISR
                0x0000000000001a9c       0x6c ./tm4c123gh6pm_startup_ccs_gcc.o
                0x0000000000001a9c                ResetISR
 .text.NmiSR    0x0000000000001b08        0x6 ./tm4c123gh6pm_startup_ccs_gcc.o
 .text.FaultISR
                0x0000000000001b0e        0x6 ./tm4c123gh6pm_startup_ccs_gcc.o
 .text.IntDefaultHandler
                0x0000000000001b14        0x6 ./tm4c123gh6pm_startup_ccs_gcc.o
 *fill*         0x0000000000001b1a        0x2 
 .text.exit     0x0000000000001b1c       0x20 /home/sad/Desktop/4.sem/EMP/Tools/CCS7/ccsv7/tools/compiler/gcc-arm-none-eabi-6-2017-q1-update/bin/../lib/gcc/arm-none-eabi/6.3.1/../../../../arm-none-eabi/lib/thumb/v7e-m/fpv4-sp/hard/libg.a(lib_a-exit.o)
                0x0000000000001b1c                exit
 .text.__libc_init_array
                0x0000000000001b3c       0x50 /home/sad/Desktop/4.sem/EMP/Tools/CCS7/ccsv7/tools/compiler/gcc-arm-none-eabi-6-2017-q1-update/bin/../lib/gcc/arm-none-eabi/6.3.1/../../../../arm-none-eabi/lib/thumb/v7e-m/fpv4-sp/hard/libg.a(lib_a-init.o)
                0x0000000000001b3c                __libc_init_array
 .text.memset   0x0000000000001b8c       0x9c /home/sad/Desktop/4.sem/EMP/Tools/CCS7/ccsv7/tools/compiler/gcc-arm-none-eabi-6-2017-q1-update/bin/../lib/gcc/arm-none-eabi/6.3.1/../../../../arm-none-eabi/lib/thumb/v7e-m/fpv4-sp/hard/libg.a(lib_a-memset.o)
                0x0000000000001b8c                memset
 .text.startup.register_fini
                0x0000000000001c28       0x14 /home/sad/Desktop/4.sem/EMP/Tools/CCS7/ccsv7/tools/compiler/gcc-arm-none-eabi-6-2017-q1-update/bin/../lib/gcc/arm-none-eabi/6.3.1/../../../../arm-none-eabi/lib/thumb/v7e-m/fpv4-sp/hard/libg.a(lib_a-__call_atexit.o)
 .text.__call_exitprocs
                0x0000000000001c3c       0xe8 /home/sad/Desktop/4.sem/EMP/Tools/CCS7/ccsv7/tools/compiler/gcc-arm-none-eabi-6-2017-q1-update/bin/../lib/gcc/arm-none-eabi/6.3.1/../../../../arm-none-eabi/lib/thumb/v7e-m/fpv4-sp/hard/libg.a(lib_a-__call_atexit.o)
                0x0000000000001c3c                __call_exitprocs
 .text.atexit   0x0000000000001d24        0xc /home/sad/Desktop/4.sem/EMP/Tools/CCS7/ccsv7/tools/compiler/gcc-arm-none-eabi-6-2017-q1-update/bin/../lib/gcc/arm-none-eabi/6.3.1/../../../../arm-none-eabi/lib/thumb/v7e-m/fpv4-sp/hard/libg.a(lib_a-atexit.o)
                0x0000000000001d24                atexit
 .text.__libc_fini_array
                0x0000000000001d30       0x34 /home/sad/Desktop/4.sem/EMP/Tools/CCS7/ccsv7/tools/compiler/gcc-arm-none-eabi-6-2017-q1-update/bin/../lib/gcc/arm-none-eabi/6.3.1/../../../../arm-none-eabi/lib/thumb/v7e-m/fpv4-sp/hard/libg.a(lib_a-fini.o)
                0x0000000000001d30                __libc_fini_array
 .text.__retarget_lock_init
                0x0000000000001d64        0x4 /home/sad/Desktop/4.sem/EMP/Tools/CCS7/ccsv7/tools/compiler/gcc-arm-none-eabi-6-2017-q1-update/bin/../lib/gcc/arm-none-eabi/6.3.1/../../../../arm-none-eabi/lib/thumb/v7e-m/fpv4-sp/hard/libg.a(lib_a-lock.o)
                0x0000000000001d64                __retarget_lock_init
 .text.__retarget_lock_init_recursive
                0x0000000000001d68        0x4 /home/sad/Desktop/4.sem/EMP/Tools/CCS7/ccsv7/tools/compiler/gcc-arm-none-eabi-6-2017-q1-update/bin/../lib/gcc/arm-none-eabi/6.3.1/../../../../arm-none-eabi/lib/thumb/v7e-m/fpv4-sp/hard/libg.a(lib_a-lock.o)
                0x0000000000001d68                __retarget_lock_init_recursive
 .text.__retarget_lock_close
                0x0000000000001d6c        0x4 /home/sad/Desktop/4.sem/EMP/Tools/CCS7/ccsv7/tools/compiler/gcc-arm-none-eabi-6-2017-q1-update/bin/../lib/gcc/arm-none-eabi/6.3.1/../../../../arm-none-eabi/lib/thumb/v7e-m/fpv4-sp/hard/libg.a(lib_a-lock.o)
                0x0000000000001d6c                __retarget_lock_close
 .text.__retarget_lock_close_recursive
                0x0000000000001d70        0x4 /home/sad/Desktop/4.sem/EMP/Tools/CCS7/ccsv7/tools/compiler/gcc-arm-none-eabi-6-2017-q1-update/bin/../lib/gcc/arm-none-eabi/6.3.1/../../../../arm-none-eabi/lib/thumb/v7e-m/fpv4-sp/hard/libg.a(lib_a-lock.o)
                0x0000000000001d70                __retarget_lock_close_recursive
 .text.__retarget_lock_acquire
                0x0000000000001d74        0x4 /home/sad/Desktop/4.sem/EMP/Tools/CCS7/ccsv7/tools/compiler/gcc-arm-none-eabi-6-2017-q1-update/bin/../lib/gcc/arm-none-eabi/6.3.1/../../../../arm-none-eabi/lib/thumb/v7e-m/fpv4-sp/hard/libg.a(lib_a-lock.o)
                0x0000000000001d74                __retarget_lock_acquire
 .text.__retarget_lock_acquire_recursive
                0x0000000000001d78        0x4 /home/sad/Desktop/4.sem/EMP/Tools/CCS7/ccsv7/tools/compiler/gcc-arm-none-eabi-6-2017-q1-update/bin/../lib/gcc/arm-none-eabi/6.3.1/../../../../arm-none-eabi/lib/thumb/v7e-m/fpv4-sp/hard/libg.a(lib_a-lock.o)
                0x0000000000001d78                __retarget_lock_acquire_recursive
 .text.__retarget_lock_try_acquire
                0x0000000000001d7c        0x4 /home/sad/Desktop/4.sem/EMP/Tools/CCS7/ccsv7/tools/compiler/gcc-arm-none-eabi-6-2017-q1-update/bin/../lib/gcc/arm-none-eabi/6.3.1/../../../../arm-none-eabi/lib/thumb/v7e-m/fpv4-sp/hard/libg.a(lib_a-lock.o)
                0x0000000000001d7c                __retarget_lock_try_acquire
 .text.__retarget_lock_try_acquire_recursive
                0x0000000000001d80        0x4 /home/sad/Desktop/4.sem/EMP/Tools/CCS7/ccsv7/tools/compiler/gcc-arm-none-eabi-6-2017-q1-update/bin/../lib/gcc/arm-none-eabi/6.3.1/../../../../arm-none-eabi/lib/thumb/v7e-m/fpv4-sp/hard/libg.a(lib_a-lock.o)
                0x0000000000001d80                __retarget_lock_try_acquire_recursive
 .text.__retarget_lock_release
                0x0000000000001d84        0x4 /home/sad/Desktop/4.sem/EMP/Tools/CCS7/ccsv7/tools/compiler/gcc-arm-none-eabi-6-2017-q1-update/bin/../lib/gcc/arm-none-eabi/6.3.1/../../../../arm-none-eabi/lib/thumb/v7e-m/fpv4-sp/hard/libg.a(lib_a-lock.o)
                0x0000000000001d84                __retarget_lock_release
 .text.__retarget_lock_release_recursive
                0x0000000000001d88        0x4 /home/sad/Desktop/4.sem/EMP/Tools/CCS7/ccsv7/tools/compiler/gcc-arm-none-eabi-6-2017-q1-update/bin/../lib/gcc/arm-none-eabi/6.3.1/../../../../arm-none-eabi/lib/thumb/v7e-m/fpv4-sp/hard/libg.a(lib_a-lock.o)
                0x0000000000001d88                __retarget_lock_release_recursive
 .text.__register_exitproc
                0x0000000000001d8c       0xc4 /home/sad/Desktop/4.sem/EMP/Tools/CCS7/ccsv7/tools/compiler/gcc-arm-none-eabi-6-2017-q1-update/bin/../lib/gcc/arm-none-eabi/6.3.1/../../../../arm-none-eabi/lib/thumb/v7e-m/fpv4-sp/hard/libg.a(lib_a-__atexit.o)
                0x0000000000001d8c                __register_exitproc
 .text._exit    0x0000000000001e50        0x4 /home/sad/Desktop/4.sem/EMP/Tools/CCS7/ccsv7/tools/compiler/gcc-arm-none-eabi-6-2017-q1-update/bin/../lib/gcc/arm-none-eabi/6.3.1/../../../../arm-none-eabi/lib/thumb/v7e-m/fpv4-sp/hard/libnosys.a(_exit.o)
                0x0000000000001e50                _exit
                0x0000000000001e54                . = ALIGN (0x4)
 *(.ctors)
                0x0000000000001e54                . = ALIGN (0x4)
 *(.dtors)
                0x0000000000001e54                . = ALIGN (0x4)
                0x0000000000001e54                __init_array_start = .
 *(.init_array*)
 .init_array    0x0000000000001e54        0x4 /home/sad/Desktop/4.sem/EMP/Tools/CCS7/ccsv7/tools/compiler/gcc-arm-none-eabi-6-2017-q1-update/bin/../lib/gcc/arm-none-eabi/6.3.1/thumb/v7e-m/fpv4-sp/hard/crtbegin.o
 .init_array.00000
                0x0000000000001e58        0x4 /home/sad/Desktop/4.sem/EMP/Tools/CCS7/ccsv7/tools/compiler/gcc-arm-none-eabi-6-2017-q1-update/bin/../lib/gcc/arm-none-eabi/6.3.1/../../../../arm-none-eabi/lib/thumb/v7e-m/fpv4-sp/hard/libg.a(lib_a-__call_atexit.o)
                0x0000000000001e5c                __init_array_end = .
 *(.init)
 .init          0x0000000000001e5c        0x4 /home/sad/Desktop/4.sem/EMP/Tools/CCS7/ccsv7/tools/compiler/gcc-arm-none-eabi-6-2017-q1-update/bin/../lib/gcc/arm-none-eabi/6.3.1/thumb/v7e-m/fpv4-sp/hard/crti.o
                0x0000000000001e5c                _init
 .init          0x0000000000001e60        0x8 /home/sad/Desktop/4.sem/EMP/Tools/CCS7/ccsv7/tools/compiler/gcc-arm-none-eabi-6-2017-q1-update/bin/../lib/gcc/arm-none-eabi/6.3.1/thumb/v7e-m/fpv4-sp/hard/crtn.o
 *(.fini*)
 .fini          0x0000000000001e68        0x4 /home/sad/Desktop/4.sem/EMP/Tools/CCS7/ccsv7/tools/compiler/gcc-arm-none-eabi-6-2017-q1-update/bin/../lib/gcc/arm-none-eabi/6.3.1/thumb/v7e-m/fpv4-sp/hard/crti.o
                0x0000000000001e68                _fini
 .fini_array    0x0000000000001e6c        0x4 /home/sad/Desktop/4.sem/EMP/Tools/CCS7/ccsv7/tools/compiler/gcc-arm-none-eabi-6-2017-q1-update/bin/../lib/gcc/arm-none-eabi/6.3.1/thumb/v7e-m/fpv4-sp/hard/crtbegin.o
 .fini          0x0000000000001e70        0x8 /home/sad/Desktop/4.sem/EMP/Tools/CCS7/ccsv7/tools/compiler/gcc-arm-none-eabi-6-2017-q1-update/bin/../lib/gcc/arm-none-eabi/6.3.1/thumb/v7e-m/fpv4-sp/hard/crtn.o
                [!provide]                        PROVIDE (__etext, .)
                [!provide]                        PROVIDE (_etext, .)
                [!provide]                        PROVIDE (etext, .)

.glue_7         0x0000000000001e78        0x0
 .glue_7        0x0000000000001e78        0x0 linker stubs

.glue_7t        0x0000000000001e78        0x0
 .glue_7t       0x0000000000001e78        0x0 linker stubs

.vfp11_veneer   0x0000000000001e78        0x0
 .vfp11_veneer  0x0000000000001e78        0x0 linker stubs

.v4_bx          0x0000000000001e78        0x0
 .v4_bx         0x0000000000001e78        0x0 linker stubs

.iplt           0x0000000000001e78        0x0
 .iplt          0x0000000000001e78        0x0 /home/sad/Desktop/4.sem/EMP/Tools/CCS7/ccsv7/tools/compiler/gcc-arm-none-eabi-6-2017-q1-update/bin/../lib/gcc/arm-none-eabi/6.3.1/thumb/v7e-m/fpv4-sp/hard/crtbegin.o

.rodata         0x0000000000001e78       0x14
 *(.rodata)
 .rodata        0x0000000000001e78        0x7 ./hidkp.o
 *fill*         0x0000000000001e7f        0x1 
 .rodata        0x0000000000001e80        0x8 ./sm1_color.o
 *(.rodata*)
 .rodata._global_impure_ptr
                0x0000000000001e88        0x4 /home/sad/Desktop/4.sem/EMP/Tools/CCS7/ccsv7/tools/compiler/gcc-arm-none-eabi-6-2017-q1-update/bin/../lib/gcc/arm-none-eabi/6.3.1/../../../../arm-none-eabi/lib/thumb/v7e-m/fpv4-sp/hard/libg.a(lib_a-impure.o)
                0x0000000000001e88                _global_impure_ptr

.eh_frame       0x0000000000001e8c        0x4
 .eh_frame      0x0000000000001e8c        0x0 /home/sad/Desktop/4.sem/EMP/Tools/CCS7/ccsv7/tools/compiler/gcc-arm-none-eabi-6-2017-q1-update/bin/../lib/gcc/arm-none-eabi/6.3.1/thumb/v7e-m/fpv4-sp/hard/crtbegin.o
 .eh_frame      0x0000000000001e8c        0x4 /home/sad/Desktop/4.sem/EMP/Tools/CCS7/ccsv7/tools/compiler/gcc-arm-none-eabi-6-2017-q1-update/bin/../lib/gcc/arm-none-eabi/6.3.1/thumb/v7e-m/fpv4-sp/hard/crtend.o

.data           0x0000000020000000      0x44c load address 0x0000000000001e90
                0x0000000000001e90                __data_load__ = LOADADDR (.data)
                0x0000000020000000                __data_start__ = .
 *(.data)
 .data          0x0000000020000000        0x0 /home/sad/Desktop/4.sem/EMP/Tools/CCS7/ccsv7/tools/compiler/gcc-arm-none-eabi-6-2017-q1-update/bin/../lib/gcc/arm-none-eabi/6.3.1/thumb/v7e-m/fpv4-sp/hard/crti.o
 .data          0x0000000020000000        0x4 /home/sad/Desktop/4.sem/EMP/Tools/CCS7/ccsv7/tools/compiler/gcc-arm-none-eabi-6-2017-q1-update/bin/../lib/gcc/arm-none-eabi/6.3.1/thumb/v7e-m/fpv4-sp/hard/crtbegin.o
                0x0000000020000000                __dso_handle
 .data          0x0000000020000004        0x0 /home/sad/Desktop/4.sem/EMP/Tools/CCS7/ccsv7/tools/compiler/gcc-arm-none-eabi-6-2017-q1-update/bin/../lib/gcc/arm-none-eabi/6.3.1/../../../../arm-none-eabi/lib/thumb/v7e-m/fpv4-sp/hard/crt0.o
 .data          0x0000000020000004        0x0 ./general.o
 .data          0x0000000020000004        0x0 ./hidkp.o
 .data          0x0000000020000004        0x0 ./hidsw12.o
 .data          0x0000000020000004        0x0 ./main.o
 .data          0x0000000020000004        0x0 ./pwm_led.o
 .data          0x0000000020000004        0x0 ./sm1_color.o
 .data          0x0000000020000004        0x0 ./sm2_color.o
 .data          0x0000000020000004        0x0 ./systick.o
 .data          0x0000000020000004        0x0 ./tm4c123gh6pm_startup_ccs_gcc.o
 .data          0x0000000020000004        0x0 /home/sad/Desktop/4.sem/EMP/Tools/CCS7/ccsv7/tools/compiler/gcc-arm-none-eabi-6-2017-q1-update/bin/../lib/gcc/arm-none-eabi/6.3.1/../../../../arm-none-eabi/lib/thumb/v7e-m/fpv4-sp/hard/libg.a(lib_a-exit.o)
 .data          0x0000000020000004        0x0 /home/sad/Desktop/4.sem/EMP/Tools/CCS7/ccsv7/tools/compiler/gcc-arm-none-eabi-6-2017-q1-update/bin/../lib/gcc/arm-none-eabi/6.3.1/../../../../arm-none-eabi/lib/thumb/v7e-m/fpv4-sp/hard/libg.a(lib_a-impure.o)
 .data          0x0000000020000004        0x0 /home/sad/Desktop/4.sem/EMP/Tools/CCS7/ccsv7/tools/compiler/gcc-arm-none-eabi-6-2017-q1-update/bin/../lib/gcc/arm-none-eabi/6.3.1/../../../../arm-none-eabi/lib/thumb/v7e-m/fpv4-sp/hard/libg.a(lib_a-init.o)
 .data          0x0000000020000004        0x0 /home/sad/Desktop/4.sem/EMP/Tools/CCS7/ccsv7/tools/compiler/gcc-arm-none-eabi-6-2017-q1-update/bin/../lib/gcc/arm-none-eabi/6.3.1/../../../../arm-none-eabi/lib/thumb/v7e-m/fpv4-sp/hard/libg.a(lib_a-memset.o)
 .data          0x0000000020000004        0x0 /home/sad/Desktop/4.sem/EMP/Tools/CCS7/ccsv7/tools/compiler/gcc-arm-none-eabi-6-2017-q1-update/bin/../lib/gcc/arm-none-eabi/6.3.1/../../../../arm-none-eabi/lib/thumb/v7e-m/fpv4-sp/hard/libg.a(lib_a-__call_atexit.o)
 .data          0x0000000020000004        0x0 /home/sad/Desktop/4.sem/EMP/Tools/CCS7/ccsv7/tools/compiler/gcc-arm-none-eabi-6-2017-q1-update/bin/../lib/gcc/arm-none-eabi/6.3.1/../../../../arm-none-eabi/lib/thumb/v7e-m/fpv4-sp/hard/libg.a(lib_a-atexit.o)
 .data          0x0000000020000004        0x0 /home/sad/Desktop/4.sem/EMP/Tools/CCS7/ccsv7/tools/compiler/gcc-arm-none-eabi-6-2017-q1-update/bin/../lib/gcc/arm-none-eabi/6.3.1/../../../../arm-none-eabi/lib/thumb/v7e-m/fpv4-sp/hard/libg.a(lib_a-fini.o)
 .data          0x0000000020000004        0x0 /home/sad/Desktop/4.sem/EMP/Tools/CCS7/ccsv7/tools/compiler/gcc-arm-none-eabi-6-2017-q1-update/bin/../lib/gcc/arm-none-eabi/6.3.1/../../../../arm-none-eabi/lib/thumb/v7e-m/fpv4-sp/hard/libg.a(lib_a-lock.o)
 .data          0x0000000020000004        0x0 /home/sad/Desktop/4.sem/EMP/Tools/CCS7/ccsv7/tools/compiler/gcc-arm-none-eabi-6-2017-q1-update/bin/../lib/gcc/arm-none-eabi/6.3.1/../../../../arm-none-eabi/lib/thumb/v7e-m/fpv4-sp/hard/libg.a(lib_a-__atexit.o)
 .data          0x0000000020000004        0x0 /home/sad/Desktop/4.sem/EMP/Tools/CCS7/ccsv7/tools/compiler/gcc-arm-none-eabi-6-2017-q1-update/bin/../lib/gcc/arm-none-eabi/6.3.1/../../../../arm-none-eabi/lib/thumb/v7e-m/fpv4-sp/hard/libnosys.a(_exit.o)
 .data          0x0000000020000004        0x0 /home/sad/Desktop/4.sem/EMP/Tools/CCS7/ccsv7/tools/compiler/gcc-arm-none-eabi-6-2017-q1-update/bin/../lib/gcc/arm-none-eabi/6.3.1/thumb/v7e-m/fpv4-sp/hard/crtend.o
 .data          0x0000000020000004        0x0 /home/sad/Desktop/4.sem/EMP/Tools/CCS7/ccsv7/tools/compiler/gcc-arm-none-eabi-6-2017-q1-update/bin/../lib/gcc/arm-none-eabi/6.3.1/thumb/v7e-m/fpv4-sp/hard/crtn.o
 *(.data*)
 .data.sample_nr.5319
                0x0000000020000004        0x1 ./hidkp.o
 *fill*         0x0000000020000005        0x1 
 .data.sample_time.5320
                0x0000000020000006        0x2 ./hidkp.o
 .data.sample_timer.5318
                0x0000000020000008        0x2 ./hidsw12.o
 .data.sample_nr.5316
                0x000000002000000a        0x1 ./hidsw12.o
 *fill*         0x000000002000000b        0x1 
 .data.sample_timer.5327
                0x000000002000000c        0x2 ./hidsw12.o
 .data.sample_nr.5325
                0x000000002000000e        0x1 ./hidsw12.o
 *fill*         0x000000002000000f        0x1 
 .data.sample_timer.5337
                0x0000000020000010        0x2 ./hidsw12.o
 .data.sample_nr.5334
                0x0000000020000012        0x1 ./hidsw12.o
 *fill*         0x0000000020000013        0x1 
 .data.mix.5298
                0x0000000020000014        0x6 ./sm2_color.o
 *fill*         0x000000002000001a        0x2 
 .data._impure_ptr
                0x000000002000001c        0x4 /home/sad/Desktop/4.sem/EMP/Tools/CCS7/ccsv7/tools/compiler/gcc-arm-none-eabi-6-2017-q1-update/bin/../lib/gcc/arm-none-eabi/6.3.1/../../../../arm-none-eabi/lib/thumb/v7e-m/fpv4-sp/hard/libg.a(lib_a-impure.o)
                0x000000002000001c                _impure_ptr
 .data.impure_data
                0x0000000020000020      0x428 /home/sad/Desktop/4.sem/EMP/Tools/CCS7/ccsv7/tools/compiler/gcc-arm-none-eabi-6-2017-q1-update/bin/../lib/gcc/arm-none-eabi/6.3.1/../../../../arm-none-eabi/lib/thumb/v7e-m/fpv4-sp/hard/libg.a(lib_a-impure.o)
 .data.__atexit_recursive_mutex
                0x0000000020000448        0x4 /home/sad/Desktop/4.sem/EMP/Tools/CCS7/ccsv7/tools/compiler/gcc-arm-none-eabi-6-2017-q1-update/bin/../lib/gcc/arm-none-eabi/6.3.1/../../../../arm-none-eabi/lib/thumb/v7e-m/fpv4-sp/hard/libg.a(lib_a-__call_atexit.o)
                0x0000000020000448                __atexit_recursive_mutex
                0x000000002000044c                . = ALIGN (0x4)
                0x000000002000044c                __data_end__ = .

.jcr            0x000000002000044c        0x4 load address 0x00000000000022dc
 .jcr           0x000000002000044c        0x0 /home/sad/Desktop/4.sem/EMP/Tools/CCS7/ccsv7/tools/compiler/gcc-arm-none-eabi-6-2017-q1-update/bin/../lib/gcc/arm-none-eabi/6.3.1/thumb/v7e-m/fpv4-sp/hard/crtbegin.o
 .jcr           0x000000002000044c        0x4 /home/sad/Desktop/4.sem/EMP/Tools/CCS7/ccsv7/tools/compiler/gcc-arm-none-eabi-6-2017-q1-update/bin/../lib/gcc/arm-none-eabi/6.3.1/thumb/v7e-m/fpv4-sp/hard/crtend.o

.igot.plt       0x0000000020000450        0x0 load address 0x00000000000022e0
 .igot.plt      0x0000000020000450        0x0 /home/sad/Desktop/4.sem/EMP/Tools/CCS7/ccsv7/tools/compiler/gcc-arm-none-eabi-6-2017-q1-update/bin/../lib/gcc/arm-none-eabi/6.3.1/thumb/v7e-m/fpv4-sp/hard/crtbegin.o

.ARM.exidx      0x00000000000022e0        0x8
                0x00000000000022e0                __exidx_start = .
 *(.ARM.exidx* .gnu.linkonce.armexidx.*)
 .ARM.exidx     0x00000000000022e0        0x8 /home/sad/Desktop/4.sem/EMP/Tools/CCS7/ccsv7/tools/compiler/gcc-arm-none-eabi-6-2017-q1-update/bin/../lib/gcc/arm-none-eabi/6.3.1/../../../../arm-none-eabi/lib/thumb/v7e-m/fpv4-sp/hard/crt0.o
                0x00000000000022e8                __exidx_end = .

.ARM.extab      0x00000000000022e8        0x0
 *(.ARM.extab* .gnu.linkonce.armextab.*)
 .ARM.extab     0x00000000000022e8        0x0 /home/sad/Desktop/4.sem/EMP/Tools/CCS7/ccsv7/tools/compiler/gcc-arm-none-eabi-6-2017-q1-update/bin/../lib/gcc/arm-none-eabi/6.3.1/../../../../arm-none-eabi/lib/thumb/v7e-m/fpv4-sp/hard/crt0.o

.rel.dyn        0x00000000000022e8        0x0
 .rel.iplt      0x00000000000022e8        0x0 /home/sad/Desktop/4.sem/EMP/Tools/CCS7/ccsv7/tools/compiler/gcc-arm-none-eabi-6-2017-q1-update/bin/../lib/gcc/arm-none-eabi/6.3.1/thumb/v7e-m/fpv4-sp/hard/crtbegin.o

.bss            0x0000000020000450      0x274
                0x0000000020000450                __bss_start__ = .
 *(.shbss)
 *(.bss)
 .bss           0x0000000020000450        0x0 /home/sad/Desktop/4.sem/EMP/Tools/CCS7/ccsv7/tools/compiler/gcc-arm-none-eabi-6-2017-q1-update/bin/../lib/gcc/arm-none-eabi/6.3.1/thumb/v7e-m/fpv4-sp/hard/crti.o
 .bss           0x0000000020000450       0x1c /home/sad/Desktop/4.sem/EMP/Tools/CCS7/ccsv7/tools/compiler/gcc-arm-none-eabi-6-2017-q1-update/bin/../lib/gcc/arm-none-eabi/6.3.1/thumb/v7e-m/fpv4-sp/hard/crtbegin.o
 .bss           0x000000002000046c        0x0 /home/sad/Desktop/4.sem/EMP/Tools/CCS7/ccsv7/tools/compiler/gcc-arm-none-eabi-6-2017-q1-update/bin/../lib/gcc/arm-none-eabi/6.3.1/../../../../arm-none-eabi/lib/thumb/v7e-m/fpv4-sp/hard/crt0.o
 .bss           0x000000002000046c        0x0 ./general.o
 .bss           0x000000002000046c        0x0 ./hidkp.o
 .bss           0x000000002000046c        0x0 ./hidsw12.o
 .bss           0x000000002000046c        0x0 ./main.o
 .bss           0x000000002000046c        0x0 ./pwm_led.o
 .bss           0x000000002000046c        0x0 ./sm1_color.o
 .bss           0x000000002000046c        0x0 ./sm2_color.o
 .bss           0x000000002000046c        0x0 ./systick.o
 .bss           0x000000002000046c        0x0 ./tm4c123gh6pm_startup_ccs_gcc.o
 .bss           0x000000002000046c        0x0 /home/sad/Desktop/4.sem/EMP/Tools/CCS7/ccsv7/tools/compiler/gcc-arm-none-eabi-6-2017-q1-update/bin/../lib/gcc/arm-none-eabi/6.3.1/../../../../arm-none-eabi/lib/thumb/v7e-m/fpv4-sp/hard/libg.a(lib_a-exit.o)
 .bss           0x000000002000046c        0x0 /home/sad/Desktop/4.sem/EMP/Tools/CCS7/ccsv7/tools/compiler/gcc-arm-none-eabi-6-2017-q1-update/bin/../lib/gcc/arm-none-eabi/6.3.1/../../../../arm-none-eabi/lib/thumb/v7e-m/fpv4-sp/hard/libg.a(lib_a-impure.o)
 .bss           0x000000002000046c        0x0 /home/sad/Desktop/4.sem/EMP/Tools/CCS7/ccsv7/tools/compiler/gcc-arm-none-eabi-6-2017-q1-update/bin/../lib/gcc/arm-none-eabi/6.3.1/../../../../arm-none-eabi/lib/thumb/v7e-m/fpv4-sp/hard/libg.a(lib_a-init.o)
 .bss           0x000000002000046c        0x0 /home/sad/Desktop/4.sem/EMP/Tools/CCS7/ccsv7/tools/compiler/gcc-arm-none-eabi-6-2017-q1-update/bin/../lib/gcc/arm-none-eabi/6.3.1/../../../../arm-none-eabi/lib/thumb/v7e-m/fpv4-sp/hard/libg.a(lib_a-memset.o)
 .bss           0x000000002000046c        0x0 /home/sad/Desktop/4.sem/EMP/Tools/CCS7/ccsv7/tools/compiler/gcc-arm-none-eabi-6-2017-q1-update/bin/../lib/gcc/arm-none-eabi/6.3.1/../../../../arm-none-eabi/lib/thumb/v7e-m/fpv4-sp/hard/libg.a(lib_a-__call_atexit.o)
 .bss           0x000000002000046c        0x0 /home/sad/Desktop/4.sem/EMP/Tools/CCS7/ccsv7/tools/compiler/gcc-arm-none-eabi-6-2017-q1-update/bin/../lib/gcc/arm-none-eabi/6.3.1/../../../../arm-none-eabi/lib/thumb/v7e-m/fpv4-sp/hard/libg.a(lib_a-atexit.o)
 .bss           0x000000002000046c        0x0 /home/sad/Desktop/4.sem/EMP/Tools/CCS7/ccsv7/tools/compiler/gcc-arm-none-eabi-6-2017-q1-update/bin/../lib/gcc/arm-none-eabi/6.3.1/../../../../arm-none-eabi/lib/thumb/v7e-m/fpv4-sp/hard/libg.a(lib_a-fini.o)
 .bss           0x000000002000046c        0x0 /home/sad/Desktop/4.sem/EMP/Tools/CCS7/ccsv7/tools/compiler/gcc-arm-none-eabi-6-2017-q1-update/bin/../lib/gcc/arm-none-eabi/6.3.1/../../../../arm-none-eabi/lib/thumb/v7e-m/fpv4-sp/hard/libg.a(lib_a-lock.o)
 .bss           0x000000002000046c        0x0 /home/sad/Desktop/4.sem/EMP/Tools/CCS7/ccsv7/tools/compiler/gcc-arm-none-eabi-6-2017-q1-update/bin/../lib/gcc/arm-none-eabi/6.3.1/../../../../arm-none-eabi/lib/thumb/v7e-m/fpv4-sp/hard/libg.a(lib_a-__atexit.o)
 .bss           0x000000002000046c        0x0 /home/sad/Desktop/4.sem/EMP/Tools/CCS7/ccsv7/tools/compiler/gcc-arm-none-eabi-6-2017-q1-update/bin/../lib/gcc/arm-none-eabi/6.3.1/../../../../arm-none-eabi/lib/thumb/v7e-m/fpv4-sp/hard/libnosys.a(_exit.o)
 .bss           0x000000002000046c        0x0 /home/sad/Desktop/4.sem/EMP/Tools/CCS7/ccsv7/tools/compiler/gcc-arm-none-eabi-6-2017-q1-update/bin/../lib/gcc/arm-none-eabi/6.3.1/thumb/v7e-m/fpv4-sp/hard/crtend.o
 .bss           0x000000002000046c        0x0 /home/sad/Desktop/4.sem/EMP/Tools/CCS7/ccsv7/tools/compiler/gcc-arm-none-eabi-6-2017-q1-update/bin/../lib/gcc/arm-none-eabi/6.3.1/thumb/v7e-m/fpv4-sp/hard/crtn.o
 *(.bss.*)
 .bss.answer.5306
                0x000000002000046c        0x4 ./hidkp.o
 .bss.samples_passed.5318
                0x0000000020000470        0x1 ./hidkp.o
 .bss.state.5327
                0x0000000020000471        0x1 ./hidkp.o
 *fill*         0x0000000020000472        0x2 
 .bss.data.5326
                0x0000000020000474        0x4 ./hidkp.o
 .bss.samples_passed.5317
                0x0000000020000478        0x1 ./hidsw12.o
 .bss.samples_passed.5326
                0x0000000020000479        0x1 ./hidsw12.o
 .bss.samples_passed_sw1.5335
                0x000000002000047a        0x1 ./hidsw12.o
 .bss.samples_passed_sw2.5336
                0x000000002000047b        0x1 ./hidsw12.o
 .bss.sw1_state.5342
                0x000000002000047c        0x1 ./hidsw12.o
 *fill*         0x000000002000047d        0x1 
 .bss.sw1_timer.5343
                0x000000002000047e        0x2 ./hidsw12.o
 .bss.sw2_state.5355
                0x0000000020000480        0x1 ./hidsw12.o
 *fill*         0x0000000020000481        0x1 
 .bss.sw2_timer.5356
                0x0000000020000482        0x2 ./hidsw12.o
 .bss.sw12_state.5368
                0x0000000020000484        0x1 ./hidsw12.o
 *fill*         0x0000000020000485        0x1 
 .bss.sw12_timer.5369
                0x0000000020000486        0x2 ./hidsw12.o
 .bss.counter_timer.5299
                0x0000000020000488        0x2 ./sm1_color.o
 .bss.counter_state.5297
                0x000000002000048a        0x1 ./sm1_color.o
 .bss.color.5298
                0x000000002000048b        0x1 ./sm1_color.o
 .bss.counter_timer.5327
                0x000000002000048c        0x2 ./sm1_color.o
 .bss.counter_state.5325
                0x000000002000048e        0x1 ./sm1_color.o
 .bss.color_iterator.5326
                0x000000002000048f        0x1 ./sm1_color.o
 .bss.state.5295
                0x0000000020000490        0x1 ./sm2_color.o
 .bss.iter.5296
                0x0000000020000491        0x1 ./sm2_color.o
 *fill*         0x0000000020000492        0x2 
 .bss.data.5297
                0x0000000020000494        0x6 ./sm2_color.o
 *fill*         0x000000002000049a        0x2 
 .bss.pui32Stack
                0x000000002000049c      0x200 ./tm4c123gh6pm_startup_ccs_gcc.o
 *(COMMON)
 COMMON         0x000000002000069c        0x2 ./hidkp.o
                0x000000002000069c                ticks
 *fill*         0x000000002000069e        0x2 
 COMMON         0x00000000200006a0       0x21 /home/sad/Desktop/4.sem/EMP/Tools/CCS7/ccsv7/tools/compiler/gcc-arm-none-eabi-6-2017-q1-update/bin/../lib/gcc/arm-none-eabi/6.3.1/../../../../arm-none-eabi/lib/thumb/v7e-m/fpv4-sp/hard/libg.a(lib_a-lock.o)
                0x00000000200006a0                __lock___atexit_recursive_mutex
                0x00000000200006a4                __lock___arc4random_mutex
                0x00000000200006a8                __lock___env_recursive_mutex
                0x00000000200006ac                __lock___sinit_recursive_mutex
                0x00000000200006b0                __lock___malloc_recursive_mutex
                0x00000000200006b4                __lock___at_quick_exit_mutex
                0x00000000200006b8                __lock___dd_hash_mutex
                0x00000000200006bc                __lock___tz_mutex
                0x00000000200006c0                __lock___sfp_recursive_mutex
                0x00000000200006c4                . = ALIGN (0x4)
 *fill*         0x00000000200006c1        0x3 
                0x00000000200006c4                __bss_end__ = .

.heap           0x00000000200006c4        0x0
                0x00000000200006c4                __heap_start__ = .
                0x00000000200006c4                end = __heap_start__
                0x00000000200006c4                _end = end
                0x00000000200006c4                __end = end
 *(.heap)
                0x00000000200006c4                __heap_end__ = .
                0x00000000200006c4                __HeapLimit = __heap_end__

.stack          0x00000000200006c8        0x0
                0x00000000200006c8                _stack = .
                0x00000000200006c8                __stack = .
 *(.stack)
START GROUP
LOAD /home/sad/Desktop/4.sem/EMP/Tools/CCS7/ccsv7/tools/compiler/gcc-arm-none-eabi-6-2017-q1-update/bin/../lib/gcc/arm-none-eabi/6.3.1/thumb/v7e-m/fpv4-sp/hard/libgcc.a
LOAD /home/sad/Desktop/4.sem/EMP/Tools/CCS7/ccsv7/tools/compiler/gcc-arm-none-eabi-6-2017-q1-update/bin/../lib/gcc/arm-none-eabi/6.3.1/../../../../arm-none-eabi/lib/thumb/v7e-m/fpv4-sp/hard/libg.a
LOAD /home/sad/Desktop/4.sem/EMP/Tools/CCS7/ccsv7/tools/compiler/gcc-arm-none-eabi-6-2017-q1-update/bin/../lib/gcc/arm-none-eabi/6.3.1/../../../../arm-none-eabi/lib/thumb/v7e-m/fpv4-sp/hard/libc.a
END GROUP
START GROUP
LOAD /home/sad/Desktop/4.sem/EMP/Tools/CCS7/ccsv7/tools/compiler/gcc-arm-none-eabi-6-2017-q1-update/bin/../lib/gcc/arm-none-eabi/6.3.1/thumb/v7e-m/fpv4-sp/hard/libgcc.a
LOAD /home/sad/Desktop/4.sem/EMP/Tools/CCS7/ccsv7/tools/compiler/gcc-arm-none-eabi-6-2017-q1-update/bin/../lib/gcc/arm-none-eabi/6.3.1/../../../../arm-none-eabi/lib/thumb/v7e-m/fpv4-sp/hard/libc.a
LOAD /home/sad/Desktop/4.sem/EMP/Tools/CCS7/ccsv7/tools/compiler/gcc-arm-none-eabi-6-2017-q1-update/bin/../lib/gcc/arm-none-eabi/6.3.1/../../../../arm-none-eabi/lib/thumb/v7e-m/fpv4-sp/hard/libnosys.a
END GROUP
LOAD /home/sad/Desktop/4.sem/EMP/Tools/CCS7/ccsv7/tools/compiler/gcc-arm-none-eabi-6-2017-q1-update/bin/../lib/gcc/arm-none-eabi/6.3.1/thumb/v7e-m/fpv4-sp/hard/crtend.o
LOAD /home/sad/Desktop/4.sem/EMP/Tools/CCS7/ccsv7/tools/compiler/gcc-arm-none-eabi-6-2017-q1-update/bin/../lib/gcc/arm-none-eabi/6.3.1/thumb/v7e-m/fpv4-sp/hard/crtn.o
OUTPUT(Testie2.21(Sucess).out elf32-littlearm)

.ARM.attributes
                0x0000000000000000       0x30
 .ARM.attributes
                0x0000000000000000       0x22 /home/sad/Desktop/4.sem/EMP/Tools/CCS7/ccsv7/tools/compiler/gcc-arm-none-eabi-6-2017-q1-update/bin/../lib/gcc/arm-none-eabi/6.3.1/thumb/v7e-m/fpv4-sp/hard/crti.o
 .ARM.attributes
                0x0000000000000022       0x34 /home/sad/Desktop/4.sem/EMP/Tools/CCS7/ccsv7/tools/compiler/gcc-arm-none-eabi-6-2017-q1-update/bin/../lib/gcc/arm-none-eabi/6.3.1/thumb/v7e-m/fpv4-sp/hard/crtbegin.o
 .ARM.attributes
                0x0000000000000056       0x20 /home/sad/Desktop/4.sem/EMP/Tools/CCS7/ccsv7/tools/compiler/gcc-arm-none-eabi-6-2017-q1-update/bin/../lib/gcc/arm-none-eabi/6.3.1/../../../../arm-none-eabi/lib/thumb/v7e-m/fpv4-sp/hard/crt0.o
 .ARM.attributes
                0x0000000000000076       0x39 ./general.o
 .ARM.attributes
                0x00000000000000af       0x39 ./hidkp.o
 .ARM.attributes
                0x00000000000000e8       0x39 ./hidsw12.o
 .ARM.attributes
                0x0000000000000121       0x39 ./main.o
 .ARM.attributes
                0x000000000000015a       0x39 ./pwm_led.o
 .ARM.attributes
                0x0000000000000193       0x39 ./sm1_color.o
 .ARM.attributes
                0x00000000000001cc       0x39 ./sm2_color.o
 .ARM.attributes
                0x0000000000000205       0x39 ./systick.o
 .ARM.attributes
                0x000000000000023e       0x39 ./tm4c123gh6pm_startup_ccs_gcc.o
 .ARM.attributes
                0x0000000000000277       0x34 /home/sad/Desktop/4.sem/EMP/Tools/CCS7/ccsv7/tools/compiler/gcc-arm-none-eabi-6-2017-q1-update/bin/../lib/gcc/arm-none-eabi/6.3.1/../../../../arm-none-eabi/lib/thumb/v7e-m/fpv4-sp/hard/libg.a(lib_a-exit.o)
 .ARM.attributes
                0x00000000000002ab       0x34 /home/sad/Desktop/4.sem/EMP/Tools/CCS7/ccsv7/tools/compiler/gcc-arm-none-eabi-6-2017-q1-update/bin/../lib/gcc/arm-none-eabi/6.3.1/../../../../arm-none-eabi/lib/thumb/v7e-m/fpv4-sp/hard/libg.a(lib_a-impure.o)
 .ARM.attributes
                0x00000000000002df       0x34 /home/sad/Desktop/4.sem/EMP/Tools/CCS7/ccsv7/tools/compiler/gcc-arm-none-eabi-6-2017-q1-update/bin/../lib/gcc/arm-none-eabi/6.3.1/../../../../arm-none-eabi/lib/thumb/v7e-m/fpv4-sp/hard/libg.a(lib_a-init.o)
 .ARM.attributes
                0x0000000000000313       0x34 /home/sad/Desktop/4.sem/EMP/Tools/CCS7/ccsv7/tools/compiler/gcc-arm-none-eabi-6-2017-q1-update/bin/../lib/gcc/arm-none-eabi/6.3.1/../../../../arm-none-eabi/lib/thumb/v7e-m/fpv4-sp/hard/libg.a(lib_a-memset.o)
 .ARM.attributes
                0x0000000000000347       0x34 /home/sad/Desktop/4.sem/EMP/Tools/CCS7/ccsv7/tools/compiler/gcc-arm-none-eabi-6-2017-q1-update/bin/../lib/gcc/arm-none-eabi/6.3.1/../../../../arm-none-eabi/lib/thumb/v7e-m/fpv4-sp/hard/libg.a(lib_a-__call_atexit.o)
 .ARM.attributes
                0x000000000000037b       0x34 /home/sad/Desktop/4.sem/EMP/Tools/CCS7/ccsv7/tools/compiler/gcc-arm-none-eabi-6-2017-q1-update/bin/../lib/gcc/arm-none-eabi/6.3.1/../../../../arm-none-eabi/lib/thumb/v7e-m/fpv4-sp/hard/libg.a(lib_a-atexit.o)
 .ARM.attributes
                0x00000000000003af       0x34 /home/sad/Desktop/4.sem/EMP/Tools/CCS7/ccsv7/tools/compiler/gcc-arm-none-eabi-6-2017-q1-update/bin/../lib/gcc/arm-none-eabi/6.3.1/../../../../arm-none-eabi/lib/thumb/v7e-m/fpv4-sp/hard/libg.a(lib_a-fini.o)
 .ARM.attributes
                0x00000000000003e3       0x34 /home/sad/Desktop/4.sem/EMP/Tools/CCS7/ccsv7/tools/compiler/gcc-arm-none-eabi-6-2017-q1-update/bin/../lib/gcc/arm-none-eabi/6.3.1/../../../../arm-none-eabi/lib/thumb/v7e-m/fpv4-sp/hard/libg.a(lib_a-lock.o)
 .ARM.attributes
                0x0000000000000417       0x34 /home/sad/Desktop/4.sem/EMP/Tools/CCS7/ccsv7/tools/compiler/gcc-arm-none-eabi-6-2017-q1-update/bin/../lib/gcc/arm-none-eabi/6.3.1/../../../../arm-none-eabi/lib/thumb/v7e-m/fpv4-sp/hard/libg.a(lib_a-__atexit.o)
 .ARM.attributes
                0x000000000000044b       0x34 /home/sad/Desktop/4.sem/EMP/Tools/CCS7/ccsv7/tools/compiler/gcc-arm-none-eabi-6-2017-q1-update/bin/../lib/gcc/arm-none-eabi/6.3.1/../../../../arm-none-eabi/lib/thumb/v7e-m/fpv4-sp/hard/libnosys.a(_exit.o)
 .ARM.attributes
                0x000000000000047f       0x34 /home/sad/Desktop/4.sem/EMP/Tools/CCS7/ccsv7/tools/compiler/gcc-arm-none-eabi-6-2017-q1-update/bin/../lib/gcc/arm-none-eabi/6.3.1/thumb/v7e-m/fpv4-sp/hard/crtend.o
 .ARM.attributes
                0x00000000000004b3       0x22 /home/sad/Desktop/4.sem/EMP/Tools/CCS7/ccsv7/tools/compiler/gcc-arm-none-eabi-6-2017-q1-update/bin/../lib/gcc/arm-none-eabi/6.3.1/thumb/v7e-m/fpv4-sp/hard/crtn.o

.comment        0x0000000000000000       0x7f
 .comment       0x0000000000000000       0x7f ./general.o
                                         0x80 (size before relaxing)
 .comment       0x000000000000007f       0x80 ./hidkp.o
 .comment       0x000000000000007f       0x80 ./hidsw12.o
 .comment       0x000000000000007f       0x80 ./main.o
 .comment       0x000000000000007f       0x80 ./pwm_led.o
 .comment       0x000000000000007f       0x80 ./sm1_color.o
 .comment       0x000000000000007f       0x80 ./sm2_color.o
 .comment       0x000000000000007f       0x80 ./systick.o
 .comment       0x000000000000007f       0x80 ./tm4c123gh6pm_startup_ccs_gcc.o

.debug_info     0x0000000000000000      0xed6
 .debug_info    0x0000000000000000       0xdb ./general.o
 .debug_info    0x00000000000000db      0x2d1 ./hidkp.o
 .debug_info    0x00000000000003ac      0x31e ./hidsw12.o
 .debug_info    0x00000000000006ca      0x17d ./main.o
 .debug_info    0x0000000000000847      0x13e ./pwm_led.o
 .debug_info    0x0000000000000985      0x18a ./sm1_color.o
 .debug_info    0x0000000000000b0f      0x15e ./sm2_color.o
 .debug_info    0x0000000000000c6d       0xd5 ./systick.o
 .debug_info    0x0000000000000d42      0x194 ./tm4c123gh6pm_startup_ccs_gcc.o

.debug_abbrev   0x0000000000000000      0x55a
 .debug_abbrev  0x0000000000000000       0x7f ./general.o
 .debug_abbrev  0x000000000000007f       0xb6 ./hidkp.o
 .debug_abbrev  0x0000000000000135       0x8e ./hidsw12.o
 .debug_abbrev  0x00000000000001c3       0x98 ./main.o
 .debug_abbrev  0x000000000000025b       0x72 ./pwm_led.o
 .debug_abbrev  0x00000000000002cd       0xaf ./sm1_color.o
 .debug_abbrev  0x000000000000037c       0xb0 ./sm2_color.o
 .debug_abbrev  0x000000000000042c       0x64 ./systick.o
 .debug_abbrev  0x0000000000000490       0xca ./tm4c123gh6pm_startup_ccs_gcc.o

.debug_aranges  0x0000000000000000      0x1c0
 .debug_aranges
                0x0000000000000000       0x28 ./general.o
 .debug_aranges
                0x0000000000000028       0x40 ./hidkp.o
 .debug_aranges
                0x0000000000000068       0x60 ./hidsw12.o
 .debug_aranges
                0x00000000000000c8       0x20 ./main.o
 .debug_aranges
                0x00000000000000e8       0x30 ./pwm_led.o
 .debug_aranges
                0x0000000000000118       0x28 ./sm1_color.o
 .debug_aranges
                0x0000000000000140       0x20 ./sm2_color.o
 .debug_aranges
                0x0000000000000160       0x28 ./systick.o
 .debug_aranges
                0x0000000000000188       0x38 ./tm4c123gh6pm_startup_ccs_gcc.o

.debug_ranges   0x0000000000000000      0x130
 .debug_ranges  0x0000000000000000       0x18 ./general.o
 .debug_ranges  0x0000000000000018       0x30 ./hidkp.o
 .debug_ranges  0x0000000000000048       0x50 ./hidsw12.o
 .debug_ranges  0x0000000000000098       0x10 ./main.o
 .debug_ranges  0x00000000000000a8       0x20 ./pwm_led.o
 .debug_ranges  0x00000000000000c8       0x18 ./sm1_color.o
 .debug_ranges  0x00000000000000e0       0x10 ./sm2_color.o
 .debug_ranges  0x00000000000000f0       0x18 ./systick.o
 .debug_ranges  0x0000000000000108       0x28 ./tm4c123gh6pm_startup_ccs_gcc.o

.debug_line     0x0000000000000000     0x10e5
 .debug_line    0x0000000000000000      0x170 ./general.o
 .debug_line    0x0000000000000170      0x289 ./hidkp.o
 .debug_line    0x00000000000003f9      0x2ef ./hidsw12.o
 .debug_line    0x00000000000006e8      0x19d ./main.o
 .debug_line    0x0000000000000885      0x190 ./pwm_led.o
 .debug_line    0x0000000000000a15      0x211 ./sm1_color.o
 .debug_line    0x0000000000000c26      0x19c ./sm2_color.o
 .debug_line    0x0000000000000dc2      0x17e ./systick.o
 .debug_line    0x0000000000000f40      0x1a5 ./tm4c123gh6pm_startup_ccs_gcc.o

.debug_str      0x0000000000000000      0x4df
 .debug_str     0x0000000000000000      0x196 ./general.o
                                        0x1db (size before relaxing)
 .debug_str     0x0000000000000196       0xab ./hidkp.o
                                        0x270 (size before relaxing)
 .debug_str     0x0000000000000241       0xe3 ./hidsw12.o
                                        0x2d8 (size before relaxing)
 .debug_str     0x0000000000000324       0x30 ./main.o
                                        0x1f5 (size before relaxing)
 .debug_str     0x0000000000000354       0x2e ./pwm_led.o
                                        0x1d3 (size before relaxing)
 .debug_str     0x0000000000000382       0x5f ./sm1_color.o
                                        0x21f (size before relaxing)
 .debug_str     0x00000000000003e1       0x19 ./sm2_color.o
                                        0x1f9 (size before relaxing)
 .debug_str     0x00000000000003fa       0x2a ./systick.o
                                        0x1d7 (size before relaxing)
 .debug_str     0x0000000000000424       0xbb ./tm4c123gh6pm_startup_ccs_gcc.o
                                        0x257 (size before relaxing)

.debug_frame    0x0000000000000000      0x6b4
 .debug_frame   0x0000000000000000       0x58 ./general.o
 .debug_frame   0x0000000000000058       0xc8 ./hidkp.o
 .debug_frame   0x0000000000000120      0x13c ./hidsw12.o
 .debug_frame   0x000000000000025c       0x30 ./main.o
 .debug_frame   0x000000000000028c       0x88 ./pwm_led.o
 .debug_frame   0x0000000000000314       0x60 ./sm1_color.o
 .debug_frame   0x0000000000000374       0x38 ./sm2_color.o
 .debug_frame   0x00000000000003ac       0x50 ./systick.o
 .debug_frame   0x00000000000003fc       0x7c ./tm4c123gh6pm_startup_ccs_gcc.o
 .debug_frame   0x0000000000000478       0x28 /home/sad/Desktop/4.sem/EMP/Tools/CCS7/ccsv7/tools/compiler/gcc-arm-none-eabi-6-2017-q1-update/bin/../lib/gcc/arm-none-eabi/6.3.1/../../../../arm-none-eabi/lib/thumb/v7e-m/fpv4-sp/hard/libg.a(lib_a-exit.o)
 .debug_frame   0x00000000000004a0       0x2c /home/sad/Desktop/4.sem/EMP/Tools/CCS7/ccsv7/tools/compiler/gcc-arm-none-eabi-6-2017-q1-update/bin/../lib/gcc/arm-none-eabi/6.3.1/../../../../arm-none-eabi/lib/thumb/v7e-m/fpv4-sp/hard/libg.a(lib_a-init.o)
 .debug_frame   0x00000000000004cc       0x34 /home/sad/Desktop/4.sem/EMP/Tools/CCS7/ccsv7/tools/compiler/gcc-arm-none-eabi-6-2017-q1-update/bin/../lib/gcc/arm-none-eabi/6.3.1/../../../../arm-none-eabi/lib/thumb/v7e-m/fpv4-sp/hard/libg.a(lib_a-memset.o)
 .debug_frame   0x0000000000000500       0x5c /home/sad/Desktop/4.sem/EMP/Tools/CCS7/ccsv7/tools/compiler/gcc-arm-none-eabi-6-2017-q1-update/bin/../lib/gcc/arm-none-eabi/6.3.1/../../../../arm-none-eabi/lib/thumb/v7e-m/fpv4-sp/hard/libg.a(lib_a-__call_atexit.o)
 .debug_frame   0x000000000000055c       0x20 /home/sad/Desktop/4.sem/EMP/Tools/CCS7/ccsv7/tools/compiler/gcc-arm-none-eabi-6-2017-q1-update/bin/../lib/gcc/arm-none-eabi/6.3.1/../../../../arm-none-eabi/lib/thumb/v7e-m/fpv4-sp/hard/libg.a(lib_a-atexit.o)
 .debug_frame   0x000000000000057c       0x34 /home/sad/Desktop/4.sem/EMP/Tools/CCS7/ccsv7/tools/compiler/gcc-arm-none-eabi-6-2017-q1-update/bin/../lib/gcc/arm-none-eabi/6.3.1/../../../../arm-none-eabi/lib/thumb/v7e-m/fpv4-sp/hard/libg.a(lib_a-fini.o)
 .debug_frame   0x00000000000005b0       0xb0 /home/sad/Desktop/4.sem/EMP/Tools/CCS7/ccsv7/tools/compiler/gcc-arm-none-eabi-6-2017-q1-update/bin/../lib/gcc/arm-none-eabi/6.3.1/../../../../arm-none-eabi/lib/thumb/v7e-m/fpv4-sp/hard/libg.a(lib_a-lock.o)
 .debug_frame   0x0000000000000660       0x34 /home/sad/Desktop/4.sem/EMP/Tools/CCS7/ccsv7/tools/compiler/gcc-arm-none-eabi-6-2017-q1-update/bin/../lib/gcc/arm-none-eabi/6.3.1/../../../../arm-none-eabi/lib/thumb/v7e-m/fpv4-sp/hard/libg.a(lib_a-__atexit.o)
 .debug_frame   0x0000000000000694       0x20 /home/sad/Desktop/4.sem/EMP/Tools/CCS7/ccsv7/tools/compiler/gcc-arm-none-eabi-6-2017-q1-update/bin/../lib/gcc/arm-none-eabi/6.3.1/../../../../arm-none-eabi/lib/thumb/v7e-m/fpv4-sp/hard/libnosys.a(_exit.o)
